Component: ARM Compiler 5.06 update 7 (build 960) Tool: armlink [4d3601]

==============================================================================

Section Cross References

    uart_boot_host.o(i.am_gpio_isr) refers to am_hal_gpio.o(i.am_hal_gpio_interrupt_status_get) for am_hal_gpio_interrupt_status_get
    uart_boot_host.o(i.am_gpio_isr) refers to am_hal_gpio.o(i.am_hal_gpio_interrupt_clear) for am_hal_gpio_interrupt_clear
    uart_boot_host.o(i.am_gpio_isr) refers to am_hal_gpio.o(i.am_hal_gpio_interrupt_service) for am_hal_gpio_interrupt_service
    uart_boot_host.o(i.hostint_handler) refers to uart_boot_host.o(.data) for bIosInt
    uart_boot_host.o(i.iom_set_up) refers to am_hal_iom.o(i.am_hal_iom_initialize) for am_hal_iom_initialize
    uart_boot_host.o(i.iom_set_up) refers to am_hal_iom.o(i.am_hal_iom_power_ctrl) for am_hal_iom_power_ctrl
    uart_boot_host.o(i.iom_set_up) refers to am_hal_iom.o(i.am_hal_iom_configure) for am_hal_iom_configure
    uart_boot_host.o(i.iom_set_up) refers to am_bsp.o(i.am_bsp_iom_pins_enable) for am_bsp_iom_pins_enable
    uart_boot_host.o(i.iom_set_up) refers to am_hal_iom.o(i.am_hal_iom_enable) for am_hal_iom_enable
    uart_boot_host.o(i.iom_set_up) refers to am_hal_gpio.o(i.am_hal_gpio_pinconfig) for am_hal_gpio_pinconfig
    uart_boot_host.o(i.iom_set_up) refers to am_hal_gpio.o(i.am_hal_gpio_interrupt_clear) for am_hal_gpio_interrupt_clear
    uart_boot_host.o(i.iom_set_up) refers to am_hal_gpio.o(i.am_hal_gpio_interrupt_register) for am_hal_gpio_interrupt_register
    uart_boot_host.o(i.iom_set_up) refers to am_hal_gpio.o(i.am_hal_gpio_interrupt_enable) for am_hal_gpio_interrupt_enable
    uart_boot_host.o(i.iom_set_up) refers to uart_boot_host.o(.data) for g_IOMHandle
    uart_boot_host.o(i.iom_set_up) refers to uart_boot_host.o(i.hostint_handler) for hostint_handler
    uart_boot_host.o(i.iom_slave_read) refers to am_hal_iom.o(i.am_hal_iom_blocking_transfer) for am_hal_iom_blocking_transfer
    uart_boot_host.o(i.iom_slave_read) refers to uart_boot_host.o(.data) for g_IOMHandle
    uart_boot_host.o(i.iom_slave_write) refers to am_hal_iom.o(i.am_hal_iom_blocking_transfer) for am_hal_iom_blocking_transfer
    uart_boot_host.o(i.iom_slave_write) refers to uart_boot_host.o(.data) for g_IOMHandle
    uart_boot_host.o(i.main) refers to am_hal_clkgen.o(i.am_hal_clkgen_control) for am_hal_clkgen_control
    uart_boot_host.o(i.main) refers to am_bsp.o(i.am_bsp_low_power_init) for am_bsp_low_power_init
    uart_boot_host.o(i.main) refers to am_bsp.o(i.am_bsp_itm_printf_enable) for am_bsp_itm_printf_enable
    uart_boot_host.o(i.main) refers to am_util_stdio.o(i.am_util_stdio_printf) for am_util_stdio_printf
    uart_boot_host.o(i.main) refers to uart_boot_host.o(i.start_boot_mode) for start_boot_mode
    uart_boot_host.o(i.main) refers to uart_boot_host.o(i.iom_set_up) for iom_set_up
    uart_boot_host.o(i.main) refers to am_hal_gpio.o(i.am_hal_gpio_state_write) for am_hal_gpio_state_write
    uart_boot_host.o(i.main) refers to am_util_delay.o(i.am_util_delay_ms) for am_util_delay_ms
    uart_boot_host.o(i.main) refers to uart_boot_host.o(i.send_hello) for send_hello
    uart_boot_host.o(i.main) refers to uart_boot_host.o(i.iom_slave_read) for iom_slave_read
    uart_boot_host.o(i.main) refers to uart_boot_host.o(i.send_update) for send_update
    uart_boot_host.o(i.main) refers to uart_boot_host.o(i.wait_4_ACK) for wait_4_ACK
    uart_boot_host.o(i.main) refers to uart_boot_host.o(i.send_data) for send_data
    uart_boot_host.o(i.main) refers to am_hal_sysctrl.o(i.am_hal_sysctrl_sleep) for am_hal_sysctrl_sleep
    uart_boot_host.o(i.main) refers to img_data.o(_IMGData) for IMGDataEnd
    uart_boot_host.o(i.main) refers to uart_boot_host.o(.data) for g_sIOMSpiConfig
    uart_boot_host.o(i.main) refers to uart_boot_host.o(.bss) for g_psReadData
    uart_boot_host.o(i.send_SPI_Data_Fragment) refers to uart_boot_host.o(i.no_print) for no_print
    uart_boot_host.o(i.send_SPI_Data_Fragment) refers to rt_memcpy_v6.o(.text) for __aeabi_memcpy
    uart_boot_host.o(i.send_SPI_Data_Fragment) refers to am_util_stdio.o(i.am_util_stdio_printf) for am_util_stdio_printf
    uart_boot_host.o(i.send_SPI_Data_Fragment) refers to uart_boot_host.o(i.iom_slave_write) for iom_slave_write
    uart_boot_host.o(i.send_SPI_Data_Fragment) refers to am_util_delay.o(i.am_util_delay_us) for am_util_delay_us
    uart_boot_host.o(i.send_SPI_Data_Fragment) refers to uart_boot_host.o(.bss) for g_IosPktData
    uart_boot_host.o(i.send_SPI_Data_Fragment) refers to uart_boot_host.o(.data) for bIosInt
    uart_boot_host.o(i.send_data) refers to rt_memcpy_v6.o(.text) for __aeabi_memcpy
    uart_boot_host.o(i.send_data) refers to am_hal_security.o(i.am_hal_crc32) for am_hal_crc32
    uart_boot_host.o(i.send_data) refers to am_util_stdio.o(i.am_util_stdio_printf) for am_util_stdio_printf
[...]
    ../am_hal_pwrctrl.c                      0x00000000   Number         0  am_hal_pwrctrl.o ABSOLUTE
    ../am_hal_queue.c                        0x00000000   Number         0  am_hal_queue.o ABSOLUTE
    ../am_hal_reset.c                        0x00000000   Number         0  am_hal_reset.o ABSOLUTE
    ../am_hal_rtc.c                          0x00000000   Number         0  am_hal_rtc.o ABSOLUTE
    ../am_hal_security.c                     0x00000000   Number         0  am_hal_security.o ABSOLUTE
    ../am_hal_sysctrl.c                      0x00000000   Number         0  am_hal_sysctrl.o ABSOLUTE
    ../am_hal_tpiu.c                         0x00000000   Number         0  am_hal_tpiu.o ABSOLUTE
    ../am_hal_uart.c                         0x00000000   Number         0  am_hal_uart.o ABSOLUTE
    ../clib/angel/boardlib.s                 0x00000000   Number         0  boardshut.o ABSOLUTE
    ../clib/angel/boardlib.s                 0x00000000   Number         0  boardinit1.o ABSOLUTE
    ../clib/angel/boardlib.s                 0x00000000   Number         0  boardinit2.o ABSOLUTE
    ../clib/angel/boardlib.s                 0x00000000   Number         0  boardinit3.o ABSOLUTE
    ../clib/angel/handlers.s                 0x00000000   Number         0  __scatter_copy.o ABSOLUTE
    ../clib/angel/handlers.s                 0x00000000   Number         0  __scatter_zi.o ABSOLUTE
    ../clib/angel/kernel.s                   0x00000000   Number         0  rtexit.o ABSOLUTE
    ../clib/angel/kernel.s                   0x00000000   Number         0  rtexit2.o ABSOLUTE
    ../clib/angel/kernel.s                   0x00000000   Number         0  __rtentry.o ABSOLUTE
    ../clib/angel/kernel.s                   0x00000000   Number         0  __rtentry2.o ABSOLUTE
    ../clib/angel/kernel.s                   0x00000000   Number         0  __rtentry4.o ABSOLUTE
    ../clib/angel/rt.s                       0x00000000   Number         0  rt_raise.o ABSOLUTE
    ../clib/angel/scatter.s                  0x00000000   Number         0  __scatter.o ABSOLUTE
    ../clib/angel/startup.s                  0x00000000   Number         0  __main.o ABSOLUTE
    ../clib/angel/sys.s                      0x00000000   Number         0  libspace.o ABSOLUTE
    ../clib/angel/sys.s                      0x00000000   Number         0  sys_stackheap_outer.o ABSOLUTE
    ../clib/angel/sys.s                      0x00000000   Number         0  indicate_semi.o ABSOLUTE
    ../clib/angel/sys.s                      0x00000000   Number         0  use_no_semi.o ABSOLUTE
    ../clib/angel/sysapp.c                   0x00000000   Number         0  sys_exit.o ABSOLUTE
    ../clib/angel/sysapp.c                   0x00000000   Number         0  sys_wrch.o ABSOLUTE
    ../clib/angel/sysapp.c                   0x00000000   Number         0  sys_command.o ABSOLUTE
    ../clib/armsys.c                         0x00000000   Number         0  _get_argv_nomalloc.o ABSOLUTE
    ../clib/armsys.c                         0x00000000   Number         0  no_argv.o ABSOLUTE
    ../clib/armsys.c                         0x00000000   Number         0  argv_veneer.o ABSOLUTE
    ../clib/armsys.c                         0x00000000   Number         0  argv_veneer.o ABSOLUTE
    ../clib/heapalloc.c                      0x00000000   Number         0  hrguard.o ABSOLUTE
    ../clib/heapaux.c                        0x00000000   Number         0  heapauxi.o ABSOLUTE
    ../clib/libinit.s                        0x00000000   Number         0  libshutdown.o ABSOLUTE
    ../clib/libinit.s                        0x00000000   Number         0  libinit.o ABSOLUTE
    ../clib/libinit.s                        0x00000000   Number         0  libinit2.o ABSOLUTE
    ../clib/libinit.s                        0x00000000   Number         0  libshutdown2.o ABSOLUTE
    ../clib/longlong.s                       0x00000000   Number         0  llushr.o ABSOLUTE
    ../clib/longlong.s                       0x00000000   Number         0  llshl.o ABSOLUTE
    ../clib/memcpset.s                       0x00000000   Number         0  rt_memclr_w.o ABSOLUTE
    ../clib/memcpset.s                       0x00000000   Number         0  rt_memcpy_v6.o ABSOLUTE
    ../clib/memcpset.s                       0x00000000   Number         0  rt_memcpy_w.o ABSOLUTE
    ../clib/signal.c                         0x00000000   Number         0  defsig_other.o ABSOLUTE
    ../clib/signal.c                         0x00000000   Number         0  defsig_rtmem_outer.o ABSOLUTE
    ../clib/signal.c                         0x00000000   Number         0  defsig_rtmem_formal.o ABSOLUTE
    ../clib/signal.c                         0x00000000   Number         0  defsig_exit.o ABSOLUTE
    ../clib/signal.c                         0x00000000   Number         0  defsig_segv_inner.o ABSOLUTE
    ../clib/signal.c                         0x00000000   Number         0  __raise.o ABSOLUTE
    ../clib/signal.c                         0x00000000   Number         0  defsig_general.o ABSOLUTE
    ../clib/signal.c                         0x00000000   Number         0  defsig_abrt_inner.o ABSOLUTE
    ../clib/signal.c                         0x00000000   Number         0  defsig_fpe_inner.o ABSOLUTE
    ../clib/signal.c                         0x00000000   Number         0  defsig_rtred_inner.o ABSOLUTE
    ../clib/signal.c                         0x00000000   Number         0  defsig_stak_inner.o ABSOLUTE
    ../clib/signal.c                         0x00000000   Number         0  defsig_rtmem_inner.o ABSOLUTE
    ../clib/signal.c                         0x00000000   Number         0  defsig_pvfn_inner.o ABSOLUTE
    ../clib/signal.c                         0x00000000   Number         0  defsig_cppl_inner.o ABSOLUTE
    ../clib/signal.s                         0x00000000   Number         0  defsig.o ABSOLUTE
    ../clib/stdlib.c                         0x00000000   Number         0  exit.o ABSOLUTE
    ../fplib/d2f.s                           0x00000000   Number         0  d2f.o ABSOLUTE
    ../fplib/dnaninf.s                       0x00000000   Number         0  dnaninf.o ABSOLUTE
    ../fplib/fpinit.s                        0x00000000   Number         0  fpinit.o ABSOLUTE
    ../fplib/fretinf.s                       0x00000000   Number         0  fretinf.o ABSOLUTE
    ../fplib/usenofp.s                       0x00000000   Number         0  usenofp.o ABSOLUTE
    ../keil/startup_keil.s                   0x00000000   Number         0  startup_keil.o ABSOLUTE
    ../src/uart_boot_host.c                  0x00000000   Number         0  uart_boot_host.o ABSOLUTE
    ..\..\..\..\..\utils\am_util_delay.c     0x00000000   Number         0  am_util_delay.o ABSOLUTE
    ..\..\..\..\..\utils\am_util_faultisr.c  0x00000000   Number         0  am_util_faultisr.o ABSOLUTE
    ..\am_bsp.c                              0x00000000   Number         0  am_bsp.o ABSOLUTE
    ..\am_bsp_pins.c                         0x00000000   Number         0  am_bsp_pins.o ABSOLUTE
    ..\am_hal_cachectrl.c                    0x00000000   Number         0  am_hal_cachectrl.o ABSOLUTE
    ..\am_hal_clkgen.c                       0x00000000   Number         0  am_hal_clkgen.o ABSOLUTE
    ..\am_hal_cmdq.c                         0x00000000   Number         0  am_hal_cmdq.o ABSOLUTE
    ..\am_hal_flash.c                        0x00000000   Number         0  am_hal_flash.o ABSOLUTE
    ..\am_hal_global.c                       0x00000000   Number         0  am_hal_global.o ABSOLUTE
    ..\am_hal_gpio.c                         0x00000000   Number         0  am_hal_gpio.o ABSOLUTE
    ..\am_hal_interrupt.c                    0x00000000   Number         0  am_hal_interrupt.o ABSOLUTE
    ..\am_hal_iom.c                          0x00000000   Number         0  am_hal_iom.o ABSOLUTE
    ..\am_hal_itm.c                          0x00000000   Number         0  am_hal_itm.o ABSOLUTE
    ..\am_hal_mcuctrl.c                      0x00000000   Number         0  am_hal_mcuctrl.o ABSOLUTE
    ..\am_hal_pwrctrl.c                      0x00000000   Number         0  am_hal_pwrctrl.o ABSOLUTE
    ..\am_hal_queue.c                        0x00000000   Number         0  am_hal_queue.o ABSOLUTE
    ..\am_hal_reset.c                        0x00000000   Number         0  am_hal_reset.o ABSOLUTE
    ..\am_hal_rtc.c                          0x00000000   Number         0  am_hal_rtc.o ABSOLUTE
    ..\am_hal_security.c                     0x00000000   Number         0  am_hal_security.o ABSOLUTE
    ..\am_hal_sysctrl.c                      0x00000000   Number         0  am_hal_sysctrl.o ABSOLUTE
    ..\am_hal_tpiu.c                         0x00000000   Number         0  am_hal_tpiu.o ABSOLUTE
    ..\am_hal_uart.c                         0x00000000   Number         0  am_hal_uart.o ABSOLUTE
    ..\src\img_data.s                        0x00000000   Number         0  img_data.o ABSOLUTE
    ..\src\uart_boot_host.c                  0x00000000   Number         0  uart_boot_host.o ABSOLUTE
    dc.s                                     0x00000000   Number         0  dc.o ABSOLUTE
    RESET                                    0x0000c000   Section      312  startup_keil.o(RESET)
    $v0                                      0x0000c100   Number         0  startup_keil.o(RESET)
    !!!main                                  0x0000c138   Section        8  __main.o(!!!main)
    !!!scatter                               0x0000c140   Section       52  __scatter.o(!!!scatter)
    !!handler_copy                           0x0000c174   Section       26  __scatter_copy.o(!!handler_copy)
    !!handler_zi                             0x0000c190   Section       28  __scatter_zi.o(!!handler_zi)
    .ARM.Collect$$libinit$$00000000          0x0000c1ac   Section        2  libinit.o(.ARM.Collect$$libinit$$00000000)
    .ARM.Collect$$libinit$$00000001          0x0000c1ae   Section        4  libinit2.o(.ARM.Collect$$libinit$$00000001)
    .ARM.Collect$$libinit$$00000004          0x0000c1b2   Section        0  libinit2.o(.ARM.Collect$$libinit$$00000004)
    .ARM.Collect$$libinit$$0000000A          0x0000c1b2   Section        0  libinit2.o(.ARM.Collect$$libinit$$0000000A)
    .ARM.Collect$$libinit$$0000000C          0x0000c1b2   Section        0  libinit2.o(.ARM.Collect$$libinit$$0000000C)
    .ARM.Collect$$libinit$$0000000E          0x0000c1b2   Section        0  libinit2.o(.ARM.Collect$$libinit$$0000000E)
    .ARM.Collect$$libinit$$00000011          0x0000c1b2   Section        0  libinit2.o(.ARM.Collect$$libinit$$00000011)
    .ARM.Collect$$libinit$$00000013          0x0000c1b2   Section        0  libinit2.o(.ARM.Collect$$libinit$$00000013)
    .ARM.Collect$$libinit$$00000015          0x0000c1b2   Section        0  libinit2.o(.ARM.Collect$$libinit$$00000015)
    .ARM.Collect$$libinit$$00000017          0x0000c1b2   Section        0  libinit2.o(.ARM.Collect$$libinit$$00000017)
    .ARM.Collect$$libinit$$00000019          0x0000c1b2   Section        0  libinit2.o(.ARM.Collect$$libinit$$00000019)
    .ARM.Collect$$libinit$$0000001B          0x0000c1b2   Section        0  libinit2.o(.ARM.Collect$$libinit$$0000001B)
    .ARM.Collect$$libinit$$0000001D          0x0000c1b2   Section        0  libinit2.o(.ARM.Collect$$libinit$$0000001D)
    .ARM.Collect$$libinit$$0000001F          0x0000c1b2   Section        0  libinit2.o(.ARM.Collect$$libinit$$0000001F)
    .ARM.Collect$$libinit$$00000021          0x0000c1b2   Section        0  libinit2.o(.ARM.Collect$$libinit$$00000021)
    .ARM.Collect$$libinit$$00000023          0x0000c1b2   Section        0  libinit2.o(.ARM.Collect$$libinit$$00000023)
    .ARM.Collect$$libinit$$00000025          0x0000c1b2   Section        0  libinit2.o(.ARM.Collect$$libinit$$00000025)
    .ARM.Collect$$libinit$$0000002C          0x0000c1b2   Section        0  libinit2.o(.ARM.Collect$$libinit$$0000002C)
    .ARM.Collect$$libinit$$0000002E          0x0000c1b2   Section        0  libinit2.o(.ARM.Collect$$libinit$$0000002E)
    .ARM.Collect$$libinit$$00000030          0x0000c1b2   Section        0  libinit2.o(.ARM.Collect$$libinit$$00000030)
    .ARM.Collect$$libinit$$00000032          0x0000c1b2   Section        0  libinit2.o(.ARM.Collect$$libinit$$00000032)
    .ARM.Collect$$libinit$$00000033          0x0000c1b2   Section        2  libinit2.o(.ARM.Collect$$libinit$$00000033)
    .ARM.Collect$$libshutdown$$00000000      0x0000c1b4   Section        2  libshutdown.o(.ARM.Collect$$libshutdown$$00000000)
    .ARM.Collect$$libshutdown$$00000002      0x0000c1b6   Section        0  libshutdown2.o(.ARM.Collect$$libshutdown$$00000002)
    .ARM.Collect$$libshutdown$$00000004      0x0000c1b6   Section        0  libshutdown2.o(.ARM.Collect$$libshutdown$$00000004)
    .ARM.Collect$$libshutdown$$00000006      0x0000c1b6   Section        0  libshutdown2.o(.ARM.Collect$$libshutdown$$00000006)
    .ARM.Collect$$libshutdown$$00000009      0x0000c1b6   Section        0  libshutdown2.o(.ARM.Collect$$libshutdown$$00000009)
    .ARM.Collect$$libshutdown$$0000000C      0x0000c1b6   Section        0  libshutdown2.o(.ARM.Collect$$libshutdown$$0000000C)
    .ARM.Collect$$libshutdown$$0000000E      0x0000c1b6   Section        0  libshutdown2.o(.ARM.Collect$$libshutdown$$0000000E)
    .ARM.Collect$$libshutdown$$00000011      0x0000c1b6   Section        0  libshutdown2.o(.ARM.Collect$$libshutdown$$00000011)
    .ARM.Collect$$libshutdown$$00000012      0x0000c1b6   Section        2  libshutdown2.o(.ARM.Collect$$libshutdown$$00000012)
    .ARM.Collect$$rtentry$$00000000          0x0000c1b8   Section        0  __rtentry.o(.ARM.Collect$$rtentry$$00000000)
    .ARM.Collect$$rtentry$$00000002          0x0000c1b8   Section        0  __rtentry2.o(.ARM.Collect$$rtentry$$00000002)
    .ARM.Collect$$rtentry$$00000004          0x0000c1b8   Section        6  __rtentry4.o(.ARM.Collect$$rtentry$$00000004)
    .ARM.Collect$$rtentry$$00000009          0x0000c1be   Section        0  __rtentry2.o(.ARM.Collect$$rtentry$$00000009)
    .ARM.Collect$$rtentry$$0000000A          0x0000c1be   Section        4  __rtentry2.o(.ARM.Collect$$rtentry$$0000000A)
    .ARM.Collect$$rtentry$$0000000C          0x0000c1c2   Section        0  __rtentry2.o(.ARM.Collect$$rtentry$$0000000C)
    .ARM.Collect$$rtentry$$0000000D          0x0000c1c2   Section        8  __rtentry2.o(.ARM.Collect$$rtentry$$0000000D)
    .ARM.Collect$$rtexit$$00000000           0x0000c1ca   Section        2  rtexit.o(.ARM.Collect$$rtexit$$00000000)
    .ARM.Collect$$rtexit$$00000002           0x0000c1cc   Section        0  rtexit2.o(.ARM.Collect$$rtexit$$00000002)
    .ARM.Collect$$rtexit$$00000003           0x0000c1cc   Section        4  rtexit2.o(.ARM.Collect$$rtexit$$00000003)
    .ARM.Collect$$rtexit$$00000004           0x0000c1d0   Section        6  rtexit2.o(.ARM.Collect$$rtexit$$00000004)
    .emb_text                                0x0000c1d8   Section       34  am_util_faultisr.o(.emb_text)
    $v0                                      0x0000c1d8   Number         0  am_util_faultisr.o(.emb_text)
    .emb_text                                0x0000c1fc   Section       22  am_hal_interrupt.o(.emb_text)
    $v0                                      0x0000c1fc   Number         0  am_hal_interrupt.o(.emb_text)
    .text                                    0x0000c214   Section       24  startup_keil.o(.text)
    $v0                                      0x0000c214   Number         0  startup_keil.o(.text)
    .text                                    0x0000c22c   Section       38  llushr.o(.text)
    .text                                    0x0000c252   Section      138  rt_memcpy_v6.o(.text)
    .text                                    0x0000c2dc   Section       78  rt_memclr_w.o(.text)
    .text                                    0x0000c32a   Section        0  heapauxi.o(.text)
    .text                                    0x0000c330   Section      100  rt_memcpy_w.o(.text)
    .text                                    0x0000c394   Section       74  sys_stackheap_outer.o(.text)
    .text                                    0x0000c3de   Section        0  exit.o(.text)
    .text                                    0x0000c3f0   Section        8  libspace.o(.text)
    .text                                    0x0000c3f8   Section        0  sys_exit.o(.text)
    .text                                    0x0000c404   Section        2  use_no_semi.o(.text)
    .text                                    0x0000c406   Section        0  indicate_semi.o(.text)
    i.am_bsp_iom_pins_enable                 0x0000c408   Section        0  am_bsp.o(i.am_bsp_iom_pins_enable)
    i.am_bsp_itm_printf_enable               0x0000c660   Section        0  am_bsp.o(i.am_bsp_itm_printf_enable)
    i.am_bsp_low_power_init                  0x0000c69c   Section        0  am_bsp.o(i.am_bsp_low_power_init)
    i.am_gpio_isr                            0x0000c6e0   Section        0  uart_boot_host.o(i.am_gpio_isr)
    i.am_hal_cachectrl_control               0x0000c6fc   Section        0  am_hal_cachectrl.o(i.am_hal_cachectrl_control)
    i.am_hal_clkgen_control                  0x0000c9cc   Section        0  am_hal_clkgen.o(i.am_hal_clkgen_control)
    i.am_hal_clkgen_status_get               0x0000cac8   Section        0  am_hal_clkgen.o(i.am_hal_clkgen_status_get)
    i.am_hal_cmdq_enable                     0x0000cafc   Section        0  am_hal_cmdq.o(i.am_hal_cmdq_enable)
    i.am_hal_cmdq_init                       0x0000cb3c   Section        0  am_hal_cmdq.o(i.am_hal_cmdq_init)
    i.am_hal_crc32                           0x0000cc2c   Section        0  am_hal_security.o(i.am_hal_crc32)
    i.am_hal_flash_delay                     0x0000cd48   Section        0  am_hal_flash.o(i.am_hal_flash_delay)
    i.am_hal_flash_delay_status_change       0x0000cd6c   Section        0  am_hal_flash.o(i.am_hal_flash_delay_status_change)
    i.am_hal_flash_delay_status_check        0x0000cdbc   Section        0  am_hal_flash.o(i.am_hal_flash_delay_status_check)
    i.am_hal_flash_load_ui32                 0x0000ce18   Section        0  am_hal_flash.o(i.am_hal_flash_load_ui32)
    i.am_hal_flash_store_ui32                0x0000ce20   Section        0  am_hal_flash.o(i.am_hal_flash_store_ui32)
    i.am_hal_gpio_interrupt_clear            0x0000ce48   Section        0  am_hal_gpio.o(i.am_hal_gpio_interrupt_clear)
    i.am_hal_gpio_interrupt_enable           0x0000ce7c   Section        0  am_hal_gpio.o(i.am_hal_gpio_interrupt_enable)
    i.am_hal_gpio_interrupt_register         0x0000cebc   Section        0  am_hal_gpio.o(i.am_hal_gpio_interrupt_register)
    i.am_hal_gpio_interrupt_service          0x0000cedc   Section        0  am_hal_gpio.o(i.am_hal_gpio_interrupt_service)
    i.am_hal_gpio_interrupt_status_get       0x0000cf6c   Section        0  am_hal_gpio.o(i.am_hal_gpio_interrupt_status_get)
    i.am_hal_gpio_pinconfig                  0x0000cfc0   Section        0  am_hal_gpio.o(i.am_hal_gpio_pinconfig)
    i.am_hal_gpio_state_write                0x0000d240   Section        0  am_hal_gpio.o(i.am_hal_gpio_state_write)
    i.am_hal_iom_blocking_transfer           0x0000d2c0   Section        0  am_hal_iom.o(i.am_hal_iom_blocking_transfer)
    i.am_hal_iom_configure                   0x0000d5e0   Section        0  am_hal_iom.o(i.am_hal_iom_configure)
    i.am_hal_iom_enable                      0x0000d888   Section        0  am_hal_iom.o(i.am_hal_iom_enable)
    i.am_hal_iom_initialize                  0x0000d988   Section        0  am_hal_iom.o(i.am_hal_iom_initialize)
    i.am_hal_iom_power_ctrl                  0x0000d9dc   Section        0  am_hal_iom.o(i.am_hal_iom_power_ctrl)
    i.am_hal_itm_enable                      0x0000dcc8   Section        0  am_hal_itm.o(i.am_hal_itm_enable)
    i.am_hal_itm_print                       0x0000dd10   Section        0  am_hal_itm.o(i.am_hal_itm_print)
    i.am_hal_mcuctrl_info_get                0x0000dd40   Section        0  am_hal_mcuctrl.o(i.am_hal_mcuctrl_info_get)
    i.am_hal_pwrctrl_low_power_init          0x0000de78   Section        0  am_hal_pwrctrl.o(i.am_hal_pwrctrl_low_power_init)
    i.am_hal_pwrctrl_periph_disable          0x0000e050   Section        0  am_hal_pwrctrl.o(i.am_hal_pwrctrl_periph_disable)
    i.am_hal_pwrctrl_periph_enable           0x0000e0a0   Section        0  am_hal_pwrctrl.o(i.am_hal_pwrctrl_periph_enable)
    i.am_hal_rtc_osc_disable                 0x0000e0f0   Section        0  am_hal_rtc.o(i.am_hal_rtc_osc_disable)
    i.am_hal_sysctrl_sleep                   0x0000e104   Section        0  am_hal_sysctrl.o(i.am_hal_sysctrl_sleep)
    i.am_hal_tpiu_enable                     0x0000e170   Section        0  am_hal_tpiu.o(i.am_hal_tpiu_enable)
    i.am_util_delay_ms                       0x0000e200   Section        0  am_util_delay.o(i.am_util_delay_ms)
    i.am_util_delay_us                       0x0000e220   Section        0  am_util_delay.o(i.am_util_delay_us)
    i.am_util_faultisr_collect_data          0x0000e244   Section        0  am_util_faultisr.o(i.am_util_faultisr_collect_data)
    i.am_util_stdio_printf                   0x0000e2fc   Section        0  am_util_stdio.o(i.am_util_stdio_printf)
    i.am_util_stdio_printf_init              0x0000e338   Section        0  am_util_stdio.o(i.am_util_stdio_printf_init)
    i.am_util_stdio_vsprintf                 0x0000e344   Section        0  am_util_stdio.o(i.am_util_stdio_vsprintf)
    i.decstr_to_int                          0x0000e6f8   Section        0  am_util_stdio.o(i.decstr_to_int)
    decstr_to_int                            0x0000e6f9   Thumb Code    66  am_util_stdio.o(i.decstr_to_int)
    i.divu64_10                              0x0000e73a   Section        0  am_util_stdio.o(i.divu64_10)
    divu64_10                                0x0000e73b   Thumb Code   204  am_util_stdio.o(i.divu64_10)
    i.ftoa                                   0x0000e808   Section        0  am_util_stdio.o(i.ftoa)
    ftoa                                     0x0000e809   Thumb Code   370  am_util_stdio.o(i.ftoa)
    i.hostint_handler                        0x0000e980   Section        0  uart_boot_host.o(i.hostint_handler)
    hostint_handler                          0x0000e981   Thumb Code     8  uart_boot_host.o(i.hostint_handler)
    i.internal_iom_reset_on_error            0x0000e98c   Section        0  am_hal_iom.o(i.internal_iom_reset_on_error)
    internal_iom_reset_on_error              0x0000e98d   Thumb Code   294  am_hal_iom.o(i.internal_iom_reset_on_error)
    i.iom_set_up                             0x0000eab8   Section        0  uart_boot_host.o(i.iom_set_up)
    iom_set_up                               0x0000eab9   Thumb Code   132  uart_boot_host.o(i.iom_set_up)
    i.iom_slave_read                         0x0000eb4c   Section        0  uart_boot_host.o(i.iom_slave_read)
    i.iom_slave_write                        0x0000eb88   Section        0  uart_boot_host.o(i.iom_slave_write)
    i.main                                   0x0000ebc4   Section        0  uart_boot_host.o(i.main)
    i.ndigits_in_hex                         0x0000edc8   Section        0  am_util_stdio.o(i.ndigits_in_hex)
    ndigits_in_hex                           0x0000edc9   Thumb Code    52  am_util_stdio.o(i.ndigits_in_hex)
    i.ndigits_in_i64                         0x0000edfc   Section        0  am_util_stdio.o(i.ndigits_in_i64)
    ndigits_in_i64                           0x0000edfd   Thumb Code    36  am_util_stdio.o(i.ndigits_in_i64)
    i.ndigits_in_u64                         0x0000ee20   Section        0  am_util_stdio.o(i.ndigits_in_u64)
    ndigits_in_u64                           0x0000ee21   Thumb Code    58  am_util_stdio.o(i.ndigits_in_u64)
    i.no_print                               0x0000ee5a   Section        0  uart_boot_host.o(i.no_print)
    i.padbuffer                              0x0000ee62   Section        0  am_util_stdio.o(i.padbuffer)
    padbuffer                                0x0000ee63   Thumb Code    34  am_util_stdio.o(i.padbuffer)
    i.send_SPI_Data_Fragment                 0x0000ee84   Section        0  uart_boot_host.o(i.send_SPI_Data_Fragment)
    i.send_data                              0x0000f07c   Section        0  uart_boot_host.o(i.send_data)
    i.send_hello                             0x0000f0e4   Section        0  uart_boot_host.o(i.send_hello)
    i.send_update                            0x0000f158   Section        0  uart_boot_host.o(i.send_update)
    i.simple_strlen                          0x0000f25c   Section        0  am_util_stdio.o(i.simple_strlen)
    simple_strlen                            0x0000f25d   Thumb Code    24  am_util_stdio.o(i.simple_strlen)
    i.start_boot_mode                        0x0000f274   Section        0  uart_boot_host.o(i.start_boot_mode)
    i.uint64_to_hexstr                       0x0000f2d4   Section        0  am_util_stdio.o(i.uint64_to_hexstr)
    uint64_to_hexstr                         0x0000f2d5   Thumb Code   138  am_util_stdio.o(i.uint64_to_hexstr)
    i.uint64_to_str                          0x0000f35e   Section        0  am_util_stdio.o(i.uint64_to_str)
    uint64_to_str                            0x0000f35f   Thumb Code   112  am_util_stdio.o(i.uint64_to_str)
    i.validate_transaction                   0x0000f3d0   Section        0  am_hal_iom.o(i.validate_transaction)
    i.wait_4_ACK                             0x0000f450   Section        0  uart_boot_host.o(i.wait_4_ACK)
    x$fpl$d2f                                0x0000f5e8   Section       98  d2f.o(x$fpl$d2f)
    $v0                                      0x0000f5e8   Number         0  d2f.o(x$fpl$d2f)
    x$fpl$dnaninf                            0x0000f64a   Section      156  dnaninf.o(x$fpl$dnaninf)
    $v0                                      0x0000f64a   Number         0  dnaninf.o(x$fpl$dnaninf)
    x$fpl$fpinit                             0x0000f6e6   Section       10  fpinit.o(x$fpl$fpinit)
    $v0                                      0x0000f6e6   Number         0  fpinit.o(x$fpl$fpinit)
    x$fpl$fretinf                            0x0000f6f0   Section       10  fretinf.o(x$fpl$fretinf)
    $v0                                      0x0000f6f0   Number         0  fretinf.o(x$fpl$fretinf)
    x$fpl$usenofp                            0x0000f6fa   Section        0  usenofp.o(x$fpl$usenofp)
    .constdata                               0x0000f6fc   Section        4  uart_boot_host.o(.constdata)
    .constdata                               0x0000f700   Section       12  am_hal_flash.o(.constdata)
    .constdata                               0x0000f70c   Section      354  am_hal_gpio.o(.constdata)
    g_ui8Inpen                               0x0000f710   Data          50  am_hal_gpio.o(.constdata)
    g_ui8Bit76Capabilities                   0x0000f742   Data          50  am_hal_gpio.o(.constdata)
    g_ui8nCEpins                             0x0000f774   Data          50  am_hal_gpio.o(.constdata)
    g_ui8NCEtable                            0x0000f7a6   Data         200  am_hal_gpio.o(.constdata)
    .constdata                               0x0000f870   Section        4  am_hal_gpio.o(.constdata)
    .constdata                               0x0000f874   Section      128  am_hal_mcuctrl.o(.constdata)
    .constdata                               0x0000f8f4   Section      320  am_hal_cmdq.o(.constdata)
    gAmHalCmdQReg                            0x0000f8f4   Data         320  am_hal_cmdq.o(.constdata)
    .constdata                               0x0000fa34   Section      612  am_hal_pwrctrl.o(.constdata)
    .constdata                               0x0000fc98   Section        4  am_bsp_pins.o(.constdata)
    .constdata                               0x0000fc9c   Section        4  am_bsp_pins.o(.constdata)
    .constdata                               0x0000fca0   Section        4  am_bsp_pins.o(.constdata)
    .constdata                               0x0000fca4   Section        4  am_bsp_pins.o(.constdata)
    .constdata                               0x0000fca8   Section        4  am_bsp_pins.o(.constdata)
    .constdata                               0x0000fcac   Section        4  am_bsp_pins.o(.constdata)
    .constdata                               0x0000fcb0   Section        4  am_bsp_pins.o(.constdata)
    .constdata                               0x0000fcb4   Section        4  am_bsp_pins.o(.constdata)
    .constdata                               0x0000fcb8   Section        4  am_bsp_pins.o(.constdata)
    .constdata                               0x0000fcbc   Section        4  am_bsp_pins.o(.constdata)
    .constdata                               0x0000fcc0   Section        4  am_bsp_pins.o(.constdata)
    .constdata                               0x0000fcc4   Section        4  am_bsp_pins.o(.constdata)
    .constdata                               0x0000fcc8   Section        4  am_bsp_pins.o(.constdata)
    .constdata                               0x0000fccc   Section        4  am_bsp_pins.o(.constdata)
    .constdata                               0x0000fcd0   Section        4  am_bsp_pins.o(.constdata)
    .constdata                               0x0000fcd4   Section        4  am_bsp_pins.o(.constdata)
    .constdata                               0x0000fcd8   Section        4  am_bsp_pins.o(.constdata)
    .constdata                               0x0000fcdc   Section        4  am_bsp_pins.o(.constdata)
    .constdata                               0x0000fce0   Section        4  am_bsp_pins.o(.constdata)
    .constdata                               0x0000fce4   Section        4  am_bsp_pins.o(.constdata)
    .constdata                               0x0000fce8   Section        4  am_bsp_pins.o(.constdata)
    .constdata                               0x0000fcec   Section        4  am_bsp_pins.o(.constdata)
    .constdata                               0x0000fcf0   Section        4  am_bsp_pins.o(.constdata)
    .constdata                               0x0000fcf4   Section        4  am_bsp_pins.o(.constdata)
    .constdata                               0x0000fcf8   Section        4  am_bsp_pins.o(.constdata)
    .constdata                               0x0000fcfc   Section        4  am_bsp_pins.o(.constdata)
    .constdata                               0x0000fd00   Section        4  am_bsp_pins.o(.constdata)
    .constdata                               0x0000fd04   Section        4  am_bsp_pins.o(.constdata)
    .constdata                               0x0000fd08   Section        4  am_bsp_pins.o(.constdata)
    .constdata                               0x0000fd0c   Section        4  am_bsp_pins.o(.constdata)
    .constdata                               0x0000fd10   Section        4  am_bsp_pins.o(.constdata)
    .constdata                               0x0000fd14   Section        4  am_bsp_pins.o(.constdata)
    .constdata                               0x0000fd18   Section        4  am_bsp_pins.o(.constdata)
    .constdata                               0x0000fd1c   Section        4  am_bsp_pins.o(.constdata)
    .constdata                               0x0000fd20   Section        4  am_bsp_pins.o(.constdata)
    .constdata                               0x0000fd24   Section        4  am_bsp_pins.o(.constdata)
    .constdata                               0x0000fd28   Section        4  am_bsp_pins.o(.constdata)
    _IMGData                                 0x0000fd4c   Section    411132  img_data.o(_IMGData)
    .data                                    0x10000000   Section       32  uart_boot_host.o(.data)
    g_AM_BSP_GPIO_BOOT_HANDSHAKE             0x10000008   Data           4  uart_boot_host.o(.data)
    g_sIOMSpiConfig                          0x1000000c   Data          20  uart_boot_host.o(.data)
    .data                                    0x10000020   Section        5  am_util_stdio.o(.data)
    g_bTxtXlate                              0x10000024   Data           1  am_util_stdio.o(.data)
    .data                                    0x10000028   Section        4  am_hal_global.o(.data)
    .data                                    0x1000002c   Section        4  am_hal_sysctrl.o(.data)
    g_ui32BusWriteFlush                      0x1000002c   Data           4  am_hal_sysctrl.o(.data)
    .data                                    0x10000030   Section       88  am_bsp.o(.data)
    g_ui32PrintInterface                     0x10000030   Data           4  am_bsp.o(.data)
    g_sCOMUART                               0x10000034   Data           4  am_bsp.o(.data)
    g_sBspUartBufferedConfig                 0x10000060   Data          40  am_bsp.o(.data)
    .data                                    0x10000088   Section        4  am_hal_reset.o(.data)
    STACK                                    0x10000090   Section     4096  startup_keil.o(STACK)
    StackMem                                 0x10000090   Data           0  startup_keil.o(STACK)
    .bss                                     0x10001090   Section     8440  uart_boot_host.o(.bss)
    .bss                                     0x10003188   Section      256  am_util_stdio.o(.bss)
    g_prfbuf                                 0x10003188   Data         256  am_util_stdio.o(.bss)
    .bss                                     0x10003288   Section      400  am_hal_gpio.o(.bss)
    gpio_ppfnHandlers                        0x10003288   Data         200  am_hal_gpio.o(.bss)
    gpio_pHandlerCtxt                        0x10003350   Data         200  am_hal_gpio.o(.bss)
    .bss                                     0x10003418   Section    13272  am_hal_iom.o(.bss)
    .bss                                     0x100067f0   Section      512  am_hal_security.o(.bss)
    g_CRC_buffer                             0x100067f0   Data         512  am_hal_security.o(.bss)
    .bss                                     0x100069f0   Section     1024  am_bsp.o(.bss)
    pui8UartTxBuffer                         0x100069f0   Data        1024  am_bsp.o(.bss)
    .bss                                     0x10006df0   Section     1024  am_bsp.o(.bss)
    pui8UartRxBuffer                         0x10006df0   Data        1024  am_bsp.o(.bss)
    .bss                                     0x100071f0   Section      352  am_hal_cmdq.o(.bss)
    gAmHalCmdq                               0x100071f0   Data         352  am_hal_cmdq.o(.bss)
    .bss                                     0x10007350   Section       96  libspace.o(.bss)
    HEAP                                     0x100073b0   Section        0  startup_keil.o(HEAP)
    HeapMem                                  0x100073b0   Data           0  startup_keil.o(HEAP)

    Global Symbols

    Symbol Name                              Value     Ov Type        Size  Object(Section)

    BuildAttributes$$THM_ISAv4$E$P$D$K$B$S$7EM$VFPi3$EXTD16$VFPS$VFMA$PE$A:L22UL41UL21$X:L11$S22US41US21$IEEE1$IW$USESV6$~STKCKD$USESV7$~SHL$OTIME$ROPI$EBA8$UX$STANDARDLIB$REQ8$EABIv2 0x00000000   Number         0  anon$$obj.o ABSOLUTE
    __ARM_use_no_argv                        0x00000000   Number         0  uart_boot_host.o ABSOLUTE
    __ARM_exceptions_init                     - Undefined Weak Reference
    __alloca_initialize                       - Undefined Weak Reference
    __arm_fini_                               - Undefined Weak Reference
    __arm_preinit_                            - Undefined Weak Reference
    __cpp_initialize__aeabi_                  - Undefined Weak Reference
    __cxa_finalize                            - Undefined Weak Reference
    __rt_locale                               - Undefined Weak Reference
    __sigvec_lookup                           - Undefined Weak Reference
    _atexit_init                              - Undefined Weak Reference
    _call_atexit_fns                          - Undefined Weak Reference
    _clock_init                               - Undefined Weak Reference
    _fp_trap_init                             - Undefined Weak Reference
    _fp_trap_shutdown                         - Undefined Weak Reference
    _get_lc_collate                           - Undefined Weak Reference
    _get_lc_ctype                             - Undefined Weak Reference
    _get_lc_monetary                          - Undefined Weak Reference
    _get_lc_numeric                           - Undefined Weak Reference
    _get_lc_time                              - Undefined Weak Reference
    _getenv_init                              - Undefined Weak Reference
    _handle_redirection                       - Undefined Weak Reference
    _init_alloc                               - Undefined Weak Reference
    _init_user_alloc                          - Undefined Weak Reference
    _initio                                   - Undefined Weak Reference
    _rand_init                                - Undefined Weak Reference
    _signal_finish                            - Undefined Weak Reference
    _signal_init                              - Undefined Weak Reference
    _terminate_alloc                          - Undefined Weak Reference
    _terminate_user_alloc                     - Undefined Weak Reference
    _terminateio                              - Undefined Weak Reference
    __Vectors                                0x0000c000   Data           0  startup_keil.o(RESET)
    __Patchable                              0x0000c0c0   Data           0  startup_keil.o(RESET)
    Reset_Handler                            0x0000c101   Thumb Code    28  startup_keil.o(RESET)
    NMI_Handler                              0x0000c11f   Thumb Code     2  startup_keil.o(RESET)
    MemManage_Handler                        0x0000c121   Thumb Code     2  startup_keil.o(RESET)
    BusFault_Handler                         0x0000c123   Thumb Code     2  startup_keil.o(RESET)
    UsageFault_Handler                       0x0000c125   Thumb Code     2  startup_keil.o(RESET)
    SecureFault_Handler                      0x0000c127   Thumb Code     2  startup_keil.o(RESET)
    SVC_Handler                              0x0000c129   Thumb Code     2  startup_keil.o(RESET)
    DebugMon_Handler                         0x0000c12b   Thumb Code     2  startup_keil.o(RESET)
    PendSV_Handler                           0x0000c12d   Thumb Code     2  startup_keil.o(RESET)
    SysTick_Handler                          0x0000c12f   Thumb Code     2  startup_keil.o(RESET)
    am_adc_isr                               0x0000c131   Thumb Code     0  startup_keil.o(RESET)
    am_ble_isr                               0x0000c131   Thumb Code     0  startup_keil.o(RESET)
    am_brownout_isr                          0x0000c131   Thumb Code     0  startup_keil.o(RESET)
    am_clkgen_isr                            0x0000c131   Thumb Code     0  startup_keil.o(RESET)
    am_ctimer_isr                            0x0000c131   Thumb Code     0  startup_keil.o(RESET)
    am_iomaster0_isr                         0x0000c131   Thumb Code     0  startup_keil.o(RESET)
    am_iomaster1_isr                         0x0000c131   Thumb Code     0  startup_keil.o(RESET)
    am_iomaster2_isr                         0x0000c131   Thumb Code     0  startup_keil.o(RESET)
    am_iomaster3_isr                         0x0000c131   Thumb Code     0  startup_keil.o(RESET)
    am_iomaster4_isr                         0x0000c131   Thumb Code     0  startup_keil.o(RESET)
    am_iomaster5_isr                         0x0000c131   Thumb Code     0  startup_keil.o(RESET)
    am_ioslave_acc_isr                       0x0000c131   Thumb Code     0  startup_keil.o(RESET)
    am_ioslave_ios_isr                       0x0000c131   Thumb Code     0  startup_keil.o(RESET)
    am_mspi0_isr                             0x0000c131   Thumb Code     0  startup_keil.o(RESET)
    am_pdm0_isr                              0x0000c131   Thumb Code     0  startup_keil.o(RESET)
    am_rtc_isr                               0x0000c131   Thumb Code     0  startup_keil.o(RESET)
    am_scard_isr                             0x0000c131   Thumb Code     0  startup_keil.o(RESET)
    am_software0_isr                         0x0000c131   Thumb Code     0  startup_keil.o(RESET)
    am_stimer_cmpr0_isr                      0x0000c131   Thumb Code     0  startup_keil.o(RESET)
    am_stimer_cmpr1_isr                      0x0000c131   Thumb Code     0  startup_keil.o(RESET)
    am_stimer_cmpr2_isr                      0x0000c131   Thumb Code     0  startup_keil.o(RESET)
    am_stimer_cmpr3_isr                      0x0000c131   Thumb Code     0  startup_keil.o(RESET)
    am_stimer_cmpr4_isr                      0x0000c131   Thumb Code     0  startup_keil.o(RESET)
    am_stimer_cmpr5_isr                      0x0000c131   Thumb Code     0  startup_keil.o(RESET)
    am_stimer_cmpr6_isr                      0x0000c131   Thumb Code     0  startup_keil.o(RESET)
    am_stimer_cmpr7_isr                      0x0000c131   Thumb Code     0  startup_keil.o(RESET)
    am_stimer_isr                            0x0000c131   Thumb Code     0  startup_keil.o(RESET)
    am_uart0_isr                             0x0000c131   Thumb Code     0  startup_keil.o(RESET)
    am_uart1_isr                             0x0000c131   Thumb Code     0  startup_keil.o(RESET)
    am_uart_isr                              0x0000c131   Thumb Code     0  startup_keil.o(RESET)
    am_vcomp_isr                             0x0000c131   Thumb Code     0  startup_keil.o(RESET)
    am_watchdog_isr                          0x0000c131   Thumb Code     0  startup_keil.o(RESET)
    __main                                   0x0000c139   Thumb Code     8  __main.o(!!!main)
    __scatterload                            0x0000c141   Thumb Code     0  __scatter.o(!!!scatter)
    __scatterload_rt2                        0x0000c141   Thumb Code    44  __scatter.o(!!!scatter)
    __scatterload_rt2_thumb_only             0x0000c141   Thumb Code     0  __scatter.o(!!!scatter)
    __scatterload_null                       0x0000c14f   Thumb Code     0  __scatter.o(!!!scatter)
    __scatterload_copy                       0x0000c175   Thumb Code    26  __scatter_copy.o(!!handler_copy)
    __scatterload_zeroinit                   0x0000c191   Thumb Code    28  __scatter_zi.o(!!handler_zi)
    __rt_lib_init                            0x0000c1ad   Thumb Code     0  libinit.o(.ARM.Collect$$libinit$$00000000)
    __rt_lib_init_fp_1                       0x0000c1af   Thumb Code     0  libinit2.o(.ARM.Collect$$libinit$$00000001)
    __rt_lib_init_alloca_1                   0x0000c1b3   Thumb Code     0  libinit2.o(.ARM.Collect$$libinit$$0000002E)
    __rt_lib_init_argv_1                     0x0000c1b3   Thumb Code     0  libinit2.o(.ARM.Collect$$libinit$$0000002C)
    __rt_lib_init_atexit_1                   0x0000c1b3   Thumb Code     0  libinit2.o(.ARM.Collect$$libinit$$0000001B)
    __rt_lib_init_clock_1                    0x0000c1b3   Thumb Code     0  libinit2.o(.ARM.Collect$$libinit$$00000021)
    __rt_lib_init_cpp_1                      0x0000c1b3   Thumb Code     0  libinit2.o(.ARM.Collect$$libinit$$00000032)
    __rt_lib_init_exceptions_1               0x0000c1b3   Thumb Code     0  libinit2.o(.ARM.Collect$$libinit$$00000030)
    __rt_lib_init_fp_trap_1                  0x0000c1b3   Thumb Code     0  libinit2.o(.ARM.Collect$$libinit$$0000001F)
    __rt_lib_init_getenv_1                   0x0000c1b3   Thumb Code     0  libinit2.o(.ARM.Collect$$libinit$$00000023)
    __rt_lib_init_heap_1                     0x0000c1b3   Thumb Code     0  libinit2.o(.ARM.Collect$$libinit$$0000000A)
    __rt_lib_init_lc_collate_1               0x0000c1b3   Thumb Code     0  libinit2.o(.ARM.Collect$$libinit$$00000011)
    __rt_lib_init_lc_ctype_1                 0x0000c1b3   Thumb Code     0  libinit2.o(.ARM.Collect$$libinit$$00000013)
    __rt_lib_init_lc_monetary_1              0x0000c1b3   Thumb Code     0  libinit2.o(.ARM.Collect$$libinit$$00000015)
    __rt_lib_init_lc_numeric_1               0x0000c1b3   Thumb Code     0  libinit2.o(.ARM.Collect$$libinit$$00000017)
    __rt_lib_init_lc_time_1                  0x0000c1b3   Thumb Code     0  libinit2.o(.ARM.Collect$$libinit$$00000019)
    __rt_lib_init_preinit_1                  0x0000c1b3   Thumb Code     0  libinit2.o(.ARM.Collect$$libinit$$00000004)
    __rt_lib_init_rand_1                     0x0000c1b3   Thumb Code     0  libinit2.o(.ARM.Collect$$libinit$$0000000E)
    __rt_lib_init_return                     0x0000c1b3   Thumb Code     0  libinit2.o(.ARM.Collect$$libinit$$00000033)
    __rt_lib_init_signal_1                   0x0000c1b3   Thumb Code     0  libinit2.o(.ARM.Collect$$libinit$$0000001D)
    __rt_lib_init_stdio_1                    0x0000c1b3   Thumb Code     0  libinit2.o(.ARM.Collect$$libinit$$00000025)
    __rt_lib_init_user_alloc_1               0x0000c1b3   Thumb Code     0  libinit2.o(.ARM.Collect$$libinit$$0000000C)
    __rt_lib_shutdown                        0x0000c1b5   Thumb Code     0  libshutdown.o(.ARM.Collect$$libshutdown$$00000000)
    __rt_lib_shutdown_cpp_1                  0x0000c1b7   Thumb Code     0  libshutdown2.o(.ARM.Collect$$libshutdown$$00000004)
    __rt_lib_shutdown_fini_1                 0x0000c1b7   Thumb Code     0  libshutdown2.o(.ARM.Collect$$libshutdown$$00000002)
    __rt_lib_shutdown_fp_trap_1              0x0000c1b7   Thumb Code     0  libshutdown2.o(.ARM.Collect$$libshutdown$$00000009)
    __rt_lib_shutdown_heap_1                 0x0000c1b7   Thumb Code     0  libshutdown2.o(.ARM.Collect$$libshutdown$$00000011)
    __rt_lib_shutdown_return                 0x0000c1b7   Thumb Code     0  libshutdown2.o(.ARM.Collect$$libshutdown$$00000012)
    __rt_lib_shutdown_signal_1               0x0000c1b7   Thumb Code     0  libshutdown2.o(.ARM.Collect$$libshutdown$$0000000C)
    __rt_lib_shutdown_stdio_1                0x0000c1b7   Thumb Code     0  libshutdown2.o(.ARM.Collect$$libshutdown$$00000006)
    __rt_lib_shutdown_user_alloc_1           0x0000c1b7   Thumb Code     0  libshutdown2.o(.ARM.Collect$$libshutdown$$0000000E)
    __rt_entry                               0x0000c1b9   Thumb Code     0  __rtentry.o(.ARM.Collect$$rtentry$$00000000)
    __rt_entry_presh_1                       0x0000c1b9   Thumb Code     0  __rtentry2.o(.ARM.Collect$$rtentry$$00000002)
    __rt_entry_sh                            0x0000c1b9   Thumb Code     0  __rtentry4.o(.ARM.Collect$$rtentry$$00000004)
    __rt_entry_li                            0x0000c1bf   Thumb Code     0  __rtentry2.o(.ARM.Collect$$rtentry$$0000000A)
    __rt_entry_postsh_1                      0x0000c1bf   Thumb Code     0  __rtentry2.o(.ARM.Collect$$rtentry$$00000009)
    __rt_entry_main                          0x0000c1c3   Thumb Code     0  __rtentry2.o(.ARM.Collect$$rtentry$$0000000D)
    __rt_entry_postli_1                      0x0000c1c3   Thumb Code     0  __rtentry2.o(.ARM.Collect$$rtentry$$0000000C)
    __rt_exit                                0x0000c1cb   Thumb Code     0  rtexit.o(.ARM.Collect$$rtexit$$00000000)
    __rt_exit_ls                             0x0000c1cd   Thumb Code     0  rtexit2.o(.ARM.Collect$$rtexit$$00000003)
    __rt_exit_prels_1                        0x0000c1cd   Thumb Code     0  rtexit2.o(.ARM.Collect$$rtexit$$00000002)
    __rt_exit_exit                           0x0000c1d1   Thumb Code     0  rtexit2.o(.ARM.Collect$$rtexit$$00000004)
    HardFault_Handler                        0x0000c1d9   Thumb Code    26  am_util_faultisr.o(.emb_text)
    getStackedReg                            0x0000c1f3   Thumb Code     8  am_util_faultisr.o(.emb_text)
    am_hal_interrupt_master_enable           0x0000c1fd   Thumb Code     8  am_hal_interrupt.o(.emb_text)
    am_hal_interrupt_master_disable          0x0000c205   Thumb Code     8  am_hal_interrupt.o(.emb_text)
    am_hal_interrupt_master_set              0x0000c20d   Thumb Code     6  am_hal_interrupt.o(.emb_text)
    __user_initial_stackheap                 0x0000c215   Thumb Code    10  startup_keil.o(.text)
    __aeabi_llsr                             0x0000c22d   Thumb Code     0  llushr.o(.text)
    _ll_ushift_r                             0x0000c22d   Thumb Code    38  llushr.o(.text)
    __aeabi_memcpy                           0x0000c253   Thumb Code     0  rt_memcpy_v6.o(.text)
    __rt_memcpy                              0x0000c253   Thumb Code   138  rt_memcpy_v6.o(.text)
    _memcpy_lastbytes                        0x0000c2b9   Thumb Code     0  rt_memcpy_v6.o(.text)
    __aeabi_memclr4                          0x0000c2dd   Thumb Code     0  rt_memclr_w.o(.text)
    __aeabi_memclr8                          0x0000c2dd   Thumb Code     0  rt_memclr_w.o(.text)
    __rt_memclr_w                            0x0000c2dd   Thumb Code    78  rt_memclr_w.o(.text)
    _memset_w                                0x0000c2e1   Thumb Code     0  rt_memclr_w.o(.text)
    __use_two_region_memory                  0x0000c32b   Thumb Code     2  heapauxi.o(.text)
    __rt_heap_escrow$2region                 0x0000c32d   Thumb Code     2  heapauxi.o(.text)
    __rt_heap_expand$2region                 0x0000c32f   Thumb Code     2  heapauxi.o(.text)
    __aeabi_memcpy4                          0x0000c331   Thumb Code     0  rt_memcpy_w.o(.text)
    __aeabi_memcpy8                          0x0000c331   Thumb Code     0  rt_memcpy_w.o(.text)
    __rt_memcpy_w                            0x0000c331   Thumb Code   100  rt_memcpy_w.o(.text)
    _memcpy_lastbytes_aligned                0x0000c379   Thumb Code     0  rt_memcpy_w.o(.text)
    __user_setup_stackheap                   0x0000c395   Thumb Code    74  sys_stackheap_outer.o(.text)
    exit                                     0x0000c3df   Thumb Code    18  exit.o(.text)
    __user_libspace                          0x0000c3f1   Thumb Code     8  libspace.o(.text)
    __user_perproc_libspace                  0x0000c3f1   Thumb Code     0  libspace.o(.text)
    __user_perthread_libspace                0x0000c3f1   Thumb Code     0  libspace.o(.text)
    _sys_exit                                0x0000c3f9   Thumb Code     8  sys_exit.o(.text)
    __I$use$semihosting                      0x0000c405   Thumb Code     0  use_no_semi.o(.text)
    __use_no_semihosting_swi                 0x0000c405   Thumb Code     2  use_no_semi.o(.text)
    __semihosting_library_function           0x0000c407   Thumb Code     0  indicate_semi.o(.text)
    am_bsp_iom_pins_enable                   0x0000c409   Thumb Code   454  am_bsp.o(i.am_bsp_iom_pins_enable)
    am_bsp_itm_printf_enable                 0x0000c661   Thumb Code    44  am_bsp.o(i.am_bsp_itm_printf_enable)
    am_bsp_low_power_init                    0x0000c69d   Thumb Code    58  am_bsp.o(i.am_bsp_low_power_init)
    am_gpio_isr                              0x0000c6e1   Thumb Code    28  uart_boot_host.o(i.am_gpio_isr)
    am_hal_cachectrl_control                 0x0000c6fd   Thumb Code   710  am_hal_cachectrl.o(i.am_hal_cachectrl_control)
    am_hal_clkgen_control                    0x0000c9cd   Thumb Code   236  am_hal_clkgen.o(i.am_hal_clkgen_control)
    am_hal_clkgen_status_get                 0x0000cac9   Thumb Code    44  am_hal_clkgen.o(i.am_hal_clkgen_status_get)
    am_hal_cmdq_enable                       0x0000cafd   Thumb Code    60  am_hal_cmdq.o(i.am_hal_cmdq_enable)
    am_hal_cmdq_init                         0x0000cb3d   Thumb Code   226  am_hal_cmdq.o(i.am_hal_cmdq_init)
    am_hal_crc32                             0x0000cc2d   Thumb Code   262  am_hal_security.o(i.am_hal_crc32)
    am_hal_flash_delay                       0x0000cd49   Thumb Code    30  am_hal_flash.o(i.am_hal_flash_delay)
    am_hal_flash_delay_status_change         0x0000cd6d   Thumb Code    74  am_hal_flash.o(i.am_hal_flash_delay_status_change)
    am_hal_flash_delay_status_check          0x0000cdbd   Thumb Code    86  am_hal_flash.o(i.am_hal_flash_delay_status_check)
    am_hal_flash_load_ui32                   0x0000ce19   Thumb Code     4  am_hal_flash.o(i.am_hal_flash_load_ui32)
    am_hal_flash_store_ui32                  0x0000ce21   Thumb Code    36  am_hal_flash.o(i.am_hal_flash_store_ui32)
    am_hal_gpio_interrupt_clear              0x0000ce49   Thumb Code    46  am_hal_gpio.o(i.am_hal_gpio_interrupt_clear)
    am_hal_gpio_interrupt_enable             0x0000ce7d   Thumb Code    58  am_hal_gpio.o(i.am_hal_gpio_interrupt_enable)
    am_hal_gpio_interrupt_register           0x0000cebd   Thumb Code    26  am_hal_gpio.o(i.am_hal_gpio_interrupt_register)
    am_hal_gpio_interrupt_service            0x0000cedd   Thumb Code   140  am_hal_gpio.o(i.am_hal_gpio_interrupt_service)
    am_hal_gpio_interrupt_status_get         0x0000cf6d   Thumb Code    80  am_hal_gpio.o(i.am_hal_gpio_interrupt_status_get)
    am_hal_gpio_pinconfig                    0x0000cfc1   Thumb Code   586  am_hal_gpio.o(i.am_hal_gpio_pinconfig)
    am_hal_gpio_state_write                  0x0000d241   Thumb Code   128  am_hal_gpio.o(i.am_hal_gpio_state_write)
    am_hal_iom_blocking_transfer             0x0000d2c1   Thumb Code   776  am_hal_iom.o(i.am_hal_iom_blocking_transfer)
    am_hal_iom_configure                     0x0000d5e1   Thumb Code   630  am_hal_iom.o(i.am_hal_iom_configure)
    am_hal_iom_enable                        0x0000d889   Thumb Code   248  am_hal_iom.o(i.am_hal_iom_enable)
    am_hal_iom_initialize                    0x0000d989   Thumb Code    76  am_hal_iom.o(i.am_hal_iom_initialize)
    am_hal_iom_power_ctrl                    0x0000d9dd   Thumb Code   738  am_hal_iom.o(i.am_hal_iom_power_ctrl)
    am_hal_itm_enable                        0x0000dcc9   Thumb Code    44  am_hal_itm.o(i.am_hal_itm_enable)
    am_hal_itm_print                         0x0000dd11   Thumb Code    48  am_hal_itm.o(i.am_hal_itm_print)
    am_hal_mcuctrl_info_get                  0x0000dd41   Thumb Code   278  am_hal_mcuctrl.o(i.am_hal_mcuctrl_info_get)
    am_hal_pwrctrl_low_power_init            0x0000de79   Thumb Code   448  am_hal_pwrctrl.o(i.am_hal_pwrctrl_low_power_init)
    am_hal_pwrctrl_periph_disable            0x0000e051   Thumb Code    70  am_hal_pwrctrl.o(i.am_hal_pwrctrl_periph_disable)
    am_hal_pwrctrl_periph_enable             0x0000e0a1   Thumb Code    72  am_hal_pwrctrl.o(i.am_hal_pwrctrl_periph_enable)
    am_hal_rtc_osc_disable                   0x0000e0f1   Thumb Code    18  am_hal_rtc.o(i.am_hal_rtc_osc_disable)
    am_hal_sysctrl_sleep                     0x0000e105   Thumb Code    82  am_hal_sysctrl.o(i.am_hal_sysctrl_sleep)
    am_hal_tpiu_enable                       0x0000e171   Thumb Code   122  am_hal_tpiu.o(i.am_hal_tpiu_enable)
    am_util_delay_ms                         0x0000e201   Thumb Code    32  am_util_delay.o(i.am_util_delay_ms)
    am_util_delay_us                         0x0000e221   Thumb Code    30  am_util_delay.o(i.am_util_delay_us)
    am_util_faultisr_collect_data            0x0000e245   Thumb Code   180  am_util_faultisr.o(i.am_util_faultisr_collect_data)
    am_util_stdio_printf                     0x0000e2fd   Thumb Code    50  am_util_stdio.o(i.am_util_stdio_printf)
    am_util_stdio_printf_init                0x0000e339   Thumb Code     6  am_util_stdio.o(i.am_util_stdio_printf_init)
    am_util_stdio_vsprintf                   0x0000e345   Thumb Code   932  am_util_stdio.o(i.am_util_stdio_vsprintf)
    iom_slave_read                           0x0000eb4d   Thumb Code    54  uart_boot_host.o(i.iom_slave_read)
    iom_slave_write                          0x0000eb89   Thumb Code    54  uart_boot_host.o(i.iom_slave_write)
    main                                     0x0000ebc5   Thumb Code   330  uart_boot_host.o(i.main)
    no_print                                 0x0000ee5b   Thumb Code     8  uart_boot_host.o(i.no_print)
    send_SPI_Data_Fragment                   0x0000ee85   Thumb Code   300  uart_boot_host.o(i.send_SPI_Data_Fragment)
    send_data                                0x0000f07d   Thumb Code    66  uart_boot_host.o(i.send_data)
    send_hello                               0x0000f0e5   Thumb Code    84  uart_boot_host.o(i.send_hello)
    send_update                              0x0000f159   Thumb Code   142  uart_boot_host.o(i.send_update)
    start_boot_mode                          0x0000f275   Thumb Code    86  uart_boot_host.o(i.start_boot_mode)
    validate_transaction                     0x0000f3d1   Thumb Code   122  am_hal_iom.o(i.validate_transaction)
    wait_4_ACK                               0x0000f451   Thumb Code   166  uart_boot_host.o(i.wait_4_ACK)
    __aeabi_d2f                              0x0000f5e9   Thumb Code     0  d2f.o(x$fpl$d2f)
    _d2f                                     0x0000f5e9   Thumb Code    98  d2f.o(x$fpl$d2f)
    __fpl_dnaninf                            0x0000f64b   Thumb Code   156  dnaninf.o(x$fpl$dnaninf)
    _fp_init                                 0x0000f6e7   Thumb Code    10  fpinit.o(x$fpl$fpinit)
    __fplib_config_fpu_vfp                   0x0000f6ef   Thumb Code     0  fpinit.o(x$fpl$fpinit)
    __fplib_config_pureend_doubles           0x0000f6ef   Thumb Code     0  fpinit.o(x$fpl$fpinit)
    __fpl_fretinf                            0x0000f6f1   Thumb Code    10  fretinf.o(x$fpl$fretinf)
    __I$use$fp                               0x0000f6fa   Number         0  usenofp.o(x$fpl$usenofp)
    g_AM_HAL_GPIO_DISABLE                    0x0000f70c   Data           4  am_hal_gpio.o(.constdata)
    g_AM_HAL_GPIO_OUTPUT                     0x0000f870   Data           4  am_hal_gpio.o(.constdata)
    g_am_hal_mcuctrl_flash_size              0x0000f874   Data          64  am_hal_mcuctrl.o(.constdata)
    g_am_hal_mcuctrl_sram_size               0x0000f8b4   Data          64  am_hal_mcuctrl.o(.constdata)
    am_hal_pwrctrl_peripheral_control        0x0000fa34   Data         180  am_hal_pwrctrl.o(.constdata)
    am_hal_pwrctrl_memory_control            0x0000fae8   Data         432  am_hal_pwrctrl.o(.constdata)
    g_AM_BSP_GPIO_IOM0_CS                    0x0000fc98   Data           4  am_bsp_pins.o(.constdata)
    g_AM_BSP_GPIO_IOM0_MISO                  0x0000fc9c   Data           4  am_bsp_pins.o(.constdata)
    g_AM_BSP_GPIO_IOM0_MOSI                  0x0000fca0   Data           4  am_bsp_pins.o(.constdata)
    g_AM_BSP_GPIO_IOM0_SCK                   0x0000fca4   Data           4  am_bsp_pins.o(.constdata)
    g_AM_BSP_GPIO_IOM0_SCL                   0x0000fca8   Data           4  am_bsp_pins.o(.constdata)
    g_AM_BSP_GPIO_IOM0_SDA                   0x0000fcac   Data           4  am_bsp_pins.o(.constdata)
    g_AM_BSP_GPIO_IOM1_CS                    0x0000fcb0   Data           4  am_bsp_pins.o(.constdata)
    g_AM_BSP_GPIO_IOM1_MISO                  0x0000fcb4   Data           4  am_bsp_pins.o(.constdata)
    g_AM_BSP_GPIO_IOM1_MOSI                  0x0000fcb8   Data           4  am_bsp_pins.o(.constdata)
    g_AM_BSP_GPIO_IOM1_SCK                   0x0000fcbc   Data           4  am_bsp_pins.o(.constdata)
    g_AM_BSP_GPIO_IOM1_SCL                   0x0000fcc0   Data           4  am_bsp_pins.o(.constdata)
    g_AM_BSP_GPIO_IOM1_SDA                   0x0000fcc4   Data           4  am_bsp_pins.o(.constdata)
    g_AM_BSP_GPIO_IOM2_CS                    0x0000fcc8   Data           4  am_bsp_pins.o(.constdata)
    g_AM_BSP_GPIO_IOM2_MISO                  0x0000fccc   Data           4  am_bsp_pins.o(.constdata)
    g_AM_BSP_GPIO_IOM2_MOSI                  0x0000fcd0   Data           4  am_bsp_pins.o(.constdata)
    g_AM_BSP_GPIO_IOM2_SCK                   0x0000fcd4   Data           4  am_bsp_pins.o(.constdata)
    g_AM_BSP_GPIO_IOM2_SCL                   0x0000fcd8   Data           4  am_bsp_pins.o(.constdata)
    g_AM_BSP_GPIO_IOM2_SDA                   0x0000fcdc   Data           4  am_bsp_pins.o(.constdata)
    g_AM_BSP_GPIO_IOM3_CS                    0x0000fce0   Data           4  am_bsp_pins.o(.constdata)
    g_AM_BSP_GPIO_IOM3_MISO                  0x0000fce4   Data           4  am_bsp_pins.o(.constdata)
    g_AM_BSP_GPIO_IOM3_MOSI                  0x0000fce8   Data           4  am_bsp_pins.o(.constdata)
    g_AM_BSP_GPIO_IOM3_SCK                   0x0000fcec   Data           4  am_bsp_pins.o(.constdata)
    g_AM_BSP_GPIO_IOM3_SCL                   0x0000fcf0   Data           4  am_bsp_pins.o(.constdata)
    g_AM_BSP_GPIO_IOM3_SDA                   0x0000fcf4   Data           4  am_bsp_pins.o(.constdata)
    g_AM_BSP_GPIO_IOM4_CS                    0x0000fcf8   Data           4  am_bsp_pins.o(.constdata)
    g_AM_BSP_GPIO_IOM4_MISO                  0x0000fcfc   Data           4  am_bsp_pins.o(.constdata)
    g_AM_BSP_GPIO_IOM4_MOSI                  0x0000fd00   Data           4  am_bsp_pins.o(.constdata)
    g_AM_BSP_GPIO_IOM4_SCK                   0x0000fd04   Data           4  am_bsp_pins.o(.constdata)
    g_AM_BSP_GPIO_IOM4_SCL                   0x0000fd08   Data           4  am_bsp_pins.o(.constdata)
    g_AM_BSP_GPIO_IOM4_SDA                   0x0000fd0c   Data           4  am_bsp_pins.o(.constdata)
    g_AM_BSP_GPIO_IOM5_CS                    0x0000fd10   Data           4  am_bsp_pins.o(.constdata)
    g_AM_BSP_GPIO_IOM5_MISO                  0x0000fd14   Data           4  am_bsp_pins.o(.constdata)
    g_AM_BSP_GPIO_IOM5_MOSI                  0x0000fd18   Data           4  am_bsp_pins.o(.constdata)
    g_AM_BSP_GPIO_IOM5_SCK                   0x0000fd1c   Data           4  am_bsp_pins.o(.constdata)
    g_AM_BSP_GPIO_IOM5_SCL                   0x0000fd20   Data           4  am_bsp_pins.o(.constdata)
    g_AM_BSP_GPIO_IOM5_SDA                   0x0000fd24   Data           4  am_bsp_pins.o(.constdata)
    g_AM_BSP_GPIO_ITM_SWO                    0x0000fd28   Data           4  am_bsp_pins.o(.constdata)
    Region$$Table$$Base                      0x0000fd2c   Number         0  anon$$obj.o(Region$$Table)
    IMGDataBegin                             0x0000fd4c   Data           0  img_data.o(_IMGData)
    Region$$Table$$Limit                     0x0000fd4c   Number         0  anon$$obj.o(Region$$Table)
    IMGDataEnd                               0x00074348   Data           0  img_data.o(_IMGData)
    bIosInt                                  0x10000000   Data           1  uart_boot_host.o(.data)
    g_IOMHandle                              0x10000004   Data           4  uart_boot_host.o(.data)
    g_pfnCharPrint                           0x10000020   Data           4  am_util_stdio.o(.data)
    g_ui32HALflags                           0x10000028   Data           4  am_hal_global.o(.data)
    am_bsp_psLEDs                            0x10000038   Data          40  am_bsp.o(.data)
    gAmHalResetStatus                        0x10000088   Data           4  am_hal_reset.o(.data)
    g_psReadData                             0x10001090   Data         128  uart_boot_host.o(.bss)
    g_Data_Message                           0x10001110   Data        8192  uart_boot_host.o(.bss)
    g_IosPktData                             0x10003110   Data         120  uart_boot_host.o(.bss)
    g_IOMhandles                             0x10003418   Data       13272  am_hal_iom.o(.bss)
    __libspace_start                         0x10007350   Data          96  libspace.o(.bss)
    __temporary_stack_top$libspace           0x100073b0   Data           0  libspace.o(.bss)



==============================================================================

Memory Map of the image

  Image Entry point : 0x0000c139

  Load Region LR_1 (Base: 0x0000c000, Size: 0x000683d4, Max: 0xffffffff, ABSOLUTE)

    Execution Region FLASH (Exec base: 0x0000c000, Load base: 0x0000c000, Size: 0x00068348, Max: 0x000f0000, ABSOLUTE)

    Exec Addr    Load Addr    Size         Type   Attr      Idx    E Section Name        Object

    0x0000c000   0x0000c000   0x00000138   Code   RO          498    RESET               startup_keil.o
    0x0000c138   0x0000c138   0x00000008   Code   RO         1160  * !!!main             c_w.l(__main.o)
    0x0000c140   0x0000c140   0x00000034   Code   RO         1328    !!!scatter          c_w.l(__scatter.o)
    0x0000c174   0x0000c174   0x0000001a   Code   RO         1330    !!handler_copy      c_w.l(__scatter_copy.o)
    0x0000c18e   0x0000c18e   0x00000002   PAD
    0x0000c190   0x0000c190   0x0000001c   Code   RO         1332    !!handler_zi        c_w.l(__scatter_zi.o)
    0x0000c1ac   0x0000c1ac   0x00000002   Code   RO         1196    .ARM.Collect$$libinit$$00000000  c_w.l(libinit.o)
    0x0000c1ae   0x0000c1ae   0x00000004   Code   RO         1202    .ARM.Collect$$libinit$$00000001  c_w.l(libinit2.o)
    0x0000c1b2   0x0000c1b2   0x00000000   Code   RO         1205    .ARM.Collect$$libinit$$00000004  c_w.l(libinit2.o)
    0x0000c1b2   0x0000c1b2   0x00000000   Code   RO         1208    .ARM.Collect$$libinit$$0000000A  c_w.l(libinit2.o)
    0x0000c1b2   0x0000c1b2   0x00000000   Code   RO         1210    .ARM.Collect$$libinit$$0000000C  c_w.l(libinit2.o)
    0x0000c1b2   0x0000c1b2   0x00000000   Code   RO         1212    .ARM.Collect$$libinit$$0000000E  c_w.l(libinit2.o)
    0x0000c1b2   0x0000c1b2   0x00000000   Code   RO         1215    .ARM.Collect$$libinit$$00000011  c_w.l(libinit2.o)
    0x0000c1b2   0x0000c1b2   0x00000000   Code   RO         1217    .ARM.Collect$$libinit$$00000013  c_w.l(libinit2.o)
    0x0000c1b2   0x0000c1b2   0x00000000   Code   RO         1219    .ARM.Collect$$libinit$$00000015  c_w.l(libinit2.o)
    0x0000c1b2   0x0000c1b2   0x00000000   Code   RO         1221    .ARM.Collect$$libinit$$00000017  c_w.l(libinit2.o)
    0x0000c1b2   0x0000c1b2   0x00000000   Code   RO         1223    .ARM.Collect$$libinit$$00000019  c_w.l(libinit2.o)
    0x0000c1b2   0x0000c1b2   0x00000000   Code   RO         1225    .ARM.Collect$$libinit$$0000001B  c_w.l(libinit2.o)
    0x0000c1b2   0x0000c1b2   0x00000000   Code   RO         1227    .ARM.Collect$$libinit$$0000001D  c_w.l(libinit2.o)
    0x0000c1b2   0x0000c1b2   0x00000000   Code   RO         1229    .ARM.Collect$$libinit$$0000001F  c_w.l(libinit2.o)
    0x0000c1b2   0x0000c1b2   0x00000000   Code   RO         1231    .ARM.Collect$$libinit$$00000021  c_w.l(libinit2.o)
    0x0000c1b2   0x0000c1b2   0x00000000   Code   RO         1233    .ARM.Collect$$libinit$$00000023  c_w.l(libinit2.o)
    0x0000c1b2   0x0000c1b2   0x00000000   Code   RO         1235    .ARM.Collect$$libinit$$00000025  c_w.l(libinit2.o)
    0x0000c1b2   0x0000c1b2   0x00000000   Code   RO         1239    .ARM.Collect$$libinit$$0000002C  c_w.l(libinit2.o)
    0x0000c1b2   0x0000c1b2   0x00000000   Code   RO         1241    .ARM.Collect$$libinit$$0000002E  c_w.l(libinit2.o)
    0x0000c1b2   0x0000c1b2   0x00000000   Code   RO         1243    .ARM.Collect$$libinit$$00000030  c_w.l(libinit2.o)
    0x0000c1b2   0x0000c1b2   0x00000000   Code   RO         1245    .ARM.Collect$$libinit$$00000032  c_w.l(libinit2.o)
    0x0000c1b2   0x0000c1b2   0x00000002   Code   RO         1246    .ARM.Collect$$libinit$$00000033  c_w.l(libinit2.o)
    0x0000c1b4   0x0000c1b4   0x00000002   Code   RO         1266    .ARM.Collect$$libshutdown$$00000000  c_w.l(libshutdown.o)
    0x0000c1b6   0x0000c1b6   0x00000000   Code   RO         1279    .ARM.Collect$$libshutdown$$00000002  c_w.l(libshutdown2.o)
    0x0000c1b6   0x0000c1b6   0x00000000   Code   RO         1281    .ARM.Collect$$libshutdown$$00000004  c_w.l(libshutdown2.o)
    0x0000c1b6   0x0000c1b6   0x00000000   Code   RO         1283    .ARM.Collect$$libshutdown$$00000006  c_w.l(libshutdown2.o)
    0x0000c1b6   0x0000c1b6   0x00000000   Code   RO         1286    .ARM.Collect$$libshutdown$$00000009  c_w.l(libshutdown2.o)
    0x0000c1b6   0x0000c1b6   0x00000000   Code   RO         1289    .ARM.Collect$$libshutdown$$0000000C  c_w.l(libshutdown2.o)
    0x0000c1b6   0x0000c1b6   0x00000000   Code   RO         1291    .ARM.Collect$$libshutdown$$0000000E  c_w.l(libshutdown2.o)
    0x0000c1b6   0x0000c1b6   0x00000000   Code   RO         1294    .ARM.Collect$$libshutdown$$00000011  c_w.l(libshutdown2.o)
    0x0000c1b6   0x0000c1b6   0x00000002   Code   RO         1295    .ARM.Collect$$libshutdown$$00000012  c_w.l(libshutdown2.o)
    0x0000c1b8   0x0000c1b8   0x00000000   Code   RO         1164    .ARM.Collect$$rtentry$$00000000  c_w.l(__rtentry.o)
    0x0000c1b8   0x0000c1b8   0x00000000   Code   RO         1173    .ARM.Collect$$rtentry$$00000002  c_w.l(__rtentry2.o)
    0x0000c1b8   0x0000c1b8   0x00000006   Code   RO         1185    .ARM.Collect$$rtentry$$00000004  c_w.l(__rtentry4.o)
    0x0000c1be   0x0000c1be   0x00000000   Code   RO         1175    .ARM.Collect$$rtentry$$00000009  c_w.l(__rtentry2.o)
    0x0000c1be   0x0000c1be   0x00000004   Code   RO         1176    .ARM.Collect$$rtentry$$0000000A  c_w.l(__rtentry2.o)
    0x0000c1c2   0x0000c1c2   0x00000000   Code   RO         1178    .ARM.Collect$$rtentry$$0000000C  c_w.l(__rtentry2.o)
    0x0000c1c2   0x0000c1c2   0x00000008   Code   RO         1179    .ARM.Collect$$rtentry$$0000000D  c_w.l(__rtentry2.o)
    0x0000c1ca   0x0000c1ca   0x00000002   Code   RO         1200    .ARM.Collect$$rtexit$$00000000  c_w.l(rtexit.o)
    0x0000c1cc   0x0000c1cc   0x00000000   Code   RO         1248    .ARM.Collect$$rtexit$$00000002  c_w.l(rtexit2.o)
    0x0000c1cc   0x0000c1cc   0x00000004   Code   RO         1249    .ARM.Collect$$rtexit$$00000003  c_w.l(rtexit2.o)
    0x0000c1d0   0x0000c1d0   0x00000006   Code   RO         1250    .ARM.Collect$$rtexit$$00000004  c_w.l(rtexit2.o)
    0x0000c1d6   0x0000c1d6   0x00000002   PAD
    0x0000c1d8   0x0000c1d8   0x00000022   Code   RO          369    .emb_text           am_util_faultisr.o
    0x0000c1fa   0x0000c1fa   0x00000002   PAD
    0x0000c1fc   0x0000c1fc   0x00000016   Code   RO          856    .emb_text           libam_hal.lib(am_hal_interrupt.o)
    0x0000c212   0x0000c212   0x00000002   PAD
    0x0000c214   0x0000c214   0x00000018   Code   RO          499    .text               startup_keil.o
    0x0000c22c   0x0000c22c   0x00000026   Code   RO         1152    .text               c_w.l(llushr.o)
    0x0000c252   0x0000c252   0x0000008a   Code   RO         1154    .text               c_w.l(rt_memcpy_v6.o)
    0x0000c2dc   0x0000c2dc   0x0000004e   Code   RO         1156    .text               c_w.l(rt_memclr_w.o)
    0x0000c32a   0x0000c32a   0x00000006   Code   RO         1158    .text               c_w.l(heapauxi.o)
    0x0000c330   0x0000c330   0x00000064   Code   RO         1165    .text               c_w.l(rt_memcpy_w.o)
    0x0000c394   0x0000c394   0x0000004a   Code   RO         1187    .text               c_w.l(sys_stackheap_outer.o)
    0x0000c3de   0x0000c3de   0x00000012   Code   RO         1189    .text               c_w.l(exit.o)
    0x0000c3f0   0x0000c3f0   0x00000008   Code   RO         1197    .text               c_w.l(libspace.o)
    0x0000c3f8   0x0000c3f8   0x0000000c   Code   RO         1258    .text               c_w.l(sys_exit.o)
    0x0000c404   0x0000c404   0x00000002   Code   RO         1269    .text               c_w.l(use_no_semi.o)
    0x0000c406   0x0000c406   0x00000000   Code   RO         1271    .text               c_w.l(indicate_semi.o)
    0x0000c406   0x0000c406   0x00000002   PAD
    0x0000c408   0x0000c408   0x00000258   Code   RO          784    i.am_bsp_iom_pins_enable  libam_bsp.lib(am_bsp.o)
    0x0000c660   0x0000c660   0x0000003c   Code   RO          788    i.am_bsp_itm_printf_enable  libam_bsp.lib(am_bsp.o)
    0x0000c69c   0x0000c69c   0x00000044   Code   RO          789    i.am_bsp_low_power_init  libam_bsp.lib(am_bsp.o)
    0x0000c6e0   0x0000c6e0   0x0000001c   Code   RO            4    i.am_gpio_isr       uart_boot_host.o
    0x0000c6fc   0x0000c6fc   0x000002d0   Code   RO         1123    i.am_hal_cachectrl_control  libam_hal.lib(am_hal_cachectrl.o)
    0x0000c9cc   0x0000c9cc   0x000000fc   Code   RO          521    i.am_hal_clkgen_control  libam_hal.lib(am_hal_clkgen.o)
    0x0000cac8   0x0000cac8   0x00000034   Code   RO          527    i.am_hal_clkgen_status_get  libam_hal.lib(am_hal_clkgen.o)
    0x0000cafc   0x0000cafc   0x00000040   Code   RO          826    i.am_hal_cmdq_enable  libam_hal.lib(am_hal_cmdq.o)
    0x0000cb3c   0x0000cb3c   0x000000f0   Code   RO          829    i.am_hal_cmdq_init  libam_hal.lib(am_hal_cmdq.o)
    0x0000cc2c   0x0000cc2c   0x0000011c   Code   RO          741    i.am_hal_crc32      libam_hal.lib(am_hal_security.o)
    0x0000cd48   0x0000cd48   0x00000024   Code   RO          548    i.am_hal_flash_delay  libam_hal.lib(am_hal_flash.o)
    0x0000cd6c   0x0000cd6c   0x00000050   Code   RO          549    i.am_hal_flash_delay_status_change  libam_hal.lib(am_hal_flash.o)
    0x0000cdbc   0x0000cdbc   0x0000005c   Code   RO          550    i.am_hal_flash_delay_status_check  libam_hal.lib(am_hal_flash.o)
    0x0000ce18   0x0000ce18   0x00000008   Code   RO          559    i.am_hal_flash_load_ui32  libam_hal.lib(am_hal_flash.o)
    0x0000ce20   0x0000ce20   0x00000028   Code   RO          565    i.am_hal_flash_store_ui32  libam_hal.lib(am_hal_flash.o)
    0x0000ce48   0x0000ce48   0x00000034   Code   RO          618    i.am_hal_gpio_interrupt_clear  libam_hal.lib(am_hal_gpio.o)
    0x0000ce7c   0x0000ce7c   0x00000040   Code   RO          620    i.am_hal_gpio_interrupt_enable  libam_hal.lib(am_hal_gpio.o)
    0x0000cebc   0x0000cebc   0x00000020   Code   RO          621    i.am_hal_gpio_interrupt_register  libam_hal.lib(am_hal_gpio.o)
    0x0000cedc   0x0000cedc   0x00000090   Code   RO          623    i.am_hal_gpio_interrupt_service  libam_hal.lib(am_hal_gpio.o)
    0x0000cf6c   0x0000cf6c   0x00000054   Code   RO          624    i.am_hal_gpio_interrupt_status_get  libam_hal.lib(am_hal_gpio.o)
    0x0000cfc0   0x0000cfc0   0x00000280   Code   RO          627    i.am_hal_gpio_pinconfig  libam_hal.lib(am_hal_gpio.o)
    0x0000d240   0x0000d240   0x00000080   Code   RO          629    i.am_hal_gpio_state_write  libam_hal.lib(am_hal_gpio.o)
    0x0000d2c0   0x0000d2c0   0x00000320   Code   RO          668    i.am_hal_iom_blocking_transfer  libam_hal.lib(am_hal_iom.o)
    0x0000d5e0   0x0000d5e0   0x000002a8   Code   RO          669    i.am_hal_iom_configure  libam_hal.lib(am_hal_iom.o)
    0x0000d888   0x0000d888   0x00000100   Code   RO          672    i.am_hal_iom_enable  libam_hal.lib(am_hal_iom.o)
    0x0000d988   0x0000d988   0x00000054   Code   RO          674    i.am_hal_iom_initialize  libam_hal.lib(am_hal_iom.o)
    0x0000d9dc   0x0000d9dc   0x000002ec   Code   RO          681    i.am_hal_iom_power_ctrl  libam_hal.lib(am_hal_iom.o)
    0x0000dcc8   0x0000dcc8   0x00000048   Code   RO          865    i.am_hal_itm_enable  libam_hal.lib(am_hal_itm.o)
    0x0000dd10   0x0000dd10   0x00000030   Code   RO          867    i.am_hal_itm_print  libam_hal.lib(am_hal_itm.o)
    0x0000dd40   0x0000dd40   0x00000138   Code   RO          727    i.am_hal_mcuctrl_info_get  libam_hal.lib(am_hal_mcuctrl.o)
    0x0000de78   0x0000de78   0x000001d8   Code   RO          895    i.am_hal_pwrctrl_low_power_init  libam_hal.lib(am_hal_pwrctrl.o)
    0x0000e050   0x0000e050   0x00000050   Code   RO          899    i.am_hal_pwrctrl_periph_disable  libam_hal.lib(am_hal_pwrctrl.o)
    0x0000e0a0   0x0000e0a0   0x00000050   Code   RO          900    i.am_hal_pwrctrl_periph_enable  libam_hal.lib(am_hal_pwrctrl.o)
    0x0000e0f0   0x0000e0f0   0x00000012   Code   RO          948    i.am_hal_rtc_osc_disable  libam_hal.lib(am_hal_rtc.o)
    0x0000e102   0x0000e102   0x00000002   PAD
    0x0000e104   0x0000e104   0x0000006c   Code   RO          764    i.am_hal_sysctrl_sleep  libam_hal.lib(am_hal_sysctrl.o)
    0x0000e170   0x0000e170   0x00000090   Code   RO          979    i.am_hal_tpiu_enable  libam_hal.lib(am_hal_tpiu.o)
    0x0000e200   0x0000e200   0x00000020   Code   RO          324    i.am_util_delay_ms  am_util_delay.o
    0x0000e220   0x0000e220   0x00000024   Code   RO          325    i.am_util_delay_us  am_util_delay.o
    0x0000e244   0x0000e244   0x000000b8   Code   RO          370    i.am_util_faultisr_collect_data  am_util_faultisr.o
    0x0000e2fc   0x0000e2fc   0x0000003c   Code   RO          394    i.am_util_stdio_printf  am_util_stdio.o
    0x0000e338   0x0000e338   0x0000000c   Code   RO          395    i.am_util_stdio_printf_init  am_util_stdio.o
    0x0000e344   0x0000e344   0x000003b4   Code   RO          400    i.am_util_stdio_vsprintf  am_util_stdio.o
    0x0000e6f8   0x0000e6f8   0x00000042   Code   RO          401    i.decstr_to_int     am_util_stdio.o
    0x0000e73a   0x0000e73a   0x000000cc   Code   RO          402    i.divu64_10         am_util_stdio.o
    0x0000e806   0x0000e806   0x00000002   PAD
    0x0000e808   0x0000e808   0x00000178   Code   RO          403    i.ftoa              am_util_stdio.o
    0x0000e980   0x0000e980   0x0000000c   Code   RO            5    i.hostint_handler   uart_boot_host.o
    0x0000e98c   0x0000e98c   0x0000012c   Code   RO          686    i.internal_iom_reset_on_error  libam_hal.lib(am_hal_iom.o)
    0x0000eab8   0x0000eab8   0x00000094   Code   RO            6    i.iom_set_up        uart_boot_host.o
    0x0000eb4c   0x0000eb4c   0x0000003c   Code   RO            7    i.iom_slave_read    uart_boot_host.o
    0x0000eb88   0x0000eb88   0x0000003c   Code   RO            8    i.iom_slave_write   uart_boot_host.o
    0x0000ebc4   0x0000ebc4   0x00000204   Code   RO            9    i.main              uart_boot_host.o
    0x0000edc8   0x0000edc8   0x00000034   Code   RO          404    i.ndigits_in_hex    am_util_stdio.o
    0x0000edfc   0x0000edfc   0x00000024   Code   RO          405    i.ndigits_in_i64    am_util_stdio.o
    0x0000ee20   0x0000ee20   0x0000003a   Code   RO          406    i.ndigits_in_u64    am_util_stdio.o
    0x0000ee5a   0x0000ee5a   0x00000008   Code   RO           10    i.no_print          uart_boot_host.o
    0x0000ee62   0x0000ee62   0x00000022   Code   RO          407    i.padbuffer         am_util_stdio.o
    0x0000ee84   0x0000ee84   0x000001f8   Code   RO           11    i.send_SPI_Data_Fragment  uart_boot_host.o
    0x0000f07c   0x0000f07c   0x00000068   Code   RO           12    i.send_data         uart_boot_host.o
    0x0000f0e4   0x0000f0e4   0x00000074   Code   RO           13    i.send_hello        uart_boot_host.o
    0x0000f158   0x0000f158   0x00000104   Code   RO           14    i.send_update       uart_boot_host.o
    0x0000f25c   0x0000f25c   0x00000018   Code   RO          408    i.simple_strlen     am_util_stdio.o
    0x0000f274   0x0000f274   0x00000060   Code   RO           15    i.start_boot_mode   uart_boot_host.o
    0x0000f2d4   0x0000f2d4   0x0000008a   Code   RO          409    i.uint64_to_hexstr  am_util_stdio.o
    0x0000f35e   0x0000f35e   0x00000070   Code   RO          410    i.uint64_to_str     am_util_stdio.o
    0x0000f3ce   0x0000f3ce   0x00000002   PAD
    0x0000f3d0   0x0000f3d0   0x00000080   Code   RO          690    i.validate_transaction  libam_hal.lib(am_hal_iom.o)
    0x0000f450   0x0000f450   0x00000198   Code   RO           16    i.wait_4_ACK        uart_boot_host.o
    0x0000f5e8   0x0000f5e8   0x00000062   Code   RO         1162    x$fpl$d2f           fz_wm.l(d2f.o)
    0x0000f64a   0x0000f64a   0x0000009c   Code   RO         1167    x$fpl$dnaninf       fz_wm.l(dnaninf.o)
    0x0000f6e6   0x0000f6e6   0x0000000a   Code   RO         1256    x$fpl$fpinit        fz_wm.l(fpinit.o)
    0x0000f6f0   0x0000f6f0   0x0000000a   Code   RO         1169    x$fpl$fretinf       fz_wm.l(fretinf.o)
    0x0000f6fa   0x0000f6fa   0x00000000   Code   RO         1171    x$fpl$usenofp       fz_wm.l(usenofp.o)
    0x0000f6fa   0x0000f6fa   0x00000002   PAD
    0x0000f6fc   0x0000f6fc   0x00000004   Data   RO           18    .constdata          uart_boot_host.o
    0x0000f700   0x0000f700   0x0000000c   Data   RO          577    .constdata          libam_hal.lib(am_hal_flash.o)
    0x0000f70c   0x0000f70c   0x00000162   Data   RO          631    .constdata          libam_hal.lib(am_hal_gpio.o)
    0x0000f86e   0x0000f86e   0x00000002   PAD
    0x0000f870   0x0000f870   0x00000004   Data   RO          639    .constdata          libam_hal.lib(am_hal_gpio.o)
    0x0000f874   0x0000f874   0x00000080   Data   RO          729    .constdata          libam_hal.lib(am_hal_mcuctrl.o)
    0x0000f8f4   0x0000f8f4   0x00000140   Data   RO          837    .constdata          libam_hal.lib(am_hal_cmdq.o)
    0x0000fa34   0x0000fa34   0x00000264   Data   RO          902    .constdata          libam_hal.lib(am_hal_pwrctrl.o)
    0x0000fc98   0x0000fc98   0x00000004   Data   RO         1054    .constdata          libam_bsp.lib(am_bsp_pins.o)
    0x0000fc9c   0x0000fc9c   0x00000004   Data   RO         1056    .constdata          libam_bsp.lib(am_bsp_pins.o)
    0x0000fca0   0x0000fca0   0x00000004   Data   RO         1057    .constdata          libam_bsp.lib(am_bsp_pins.o)
    0x0000fca4   0x0000fca4   0x00000004   Data   RO         1058    .constdata          libam_bsp.lib(am_bsp_pins.o)
    0x0000fca8   0x0000fca8   0x00000004   Data   RO         1059    .constdata          libam_bsp.lib(am_bsp_pins.o)
    0x0000fcac   0x0000fcac   0x00000004   Data   RO         1060    .constdata          libam_bsp.lib(am_bsp_pins.o)
    0x0000fcb0   0x0000fcb0   0x00000004   Data   RO         1061    .constdata          libam_bsp.lib(am_bsp_pins.o)
    0x0000fcb4   0x0000fcb4   0x00000004   Data   RO         1062    .constdata          libam_bsp.lib(am_bsp_pins.o)
    0x0000fcb8   0x0000fcb8   0x00000004   Data   RO         1063    .constdata          libam_bsp.lib(am_bsp_pins.o)
    0x0000fcbc   0x0000fcbc   0x00000004   Data   RO         1064    .constdata          libam_bsp.lib(am_bsp_pins.o)
    0x0000fcc0   0x0000fcc0   0x00000004   Data   RO         1065    .constdata          libam_bsp.lib(am_bsp_pins.o)
    0x0000fcc4   0x0000fcc4   0x00000004   Data   RO         1066    .constdata          libam_bsp.lib(am_bsp_pins.o)
    0x0000fcc8   0x0000fcc8   0x00000004   Data   RO         1067    .constdata          libam_bsp.lib(am_bsp_pins.o)
    0x0000fccc   0x0000fccc   0x00000004   Data   RO         1068    .constdata          libam_bsp.lib(am_bsp_pins.o)
    0x0000fcd0   0x0000fcd0   0x00000004   Data   RO         1069    .constdata          libam_bsp.lib(am_bsp_pins.o)
    0x0000fcd4   0x0000fcd4   0x00000004   Data   RO         1070    .constdata          libam_bsp.lib(am_bsp_pins.o)
    0x0000fcd8   0x0000fcd8   0x00000004   Data   RO         1071    .constdata          libam_bsp.lib(am_bsp_pins.o)
    0x0000fcdc   0x0000fcdc   0x00000004   Data   RO         1072    .constdata          libam_bsp.lib(am_bsp_pins.o)
    0x0000fce0   0x0000fce0   0x00000004   Data   RO         1073    .constdata          libam_bsp.lib(am_bsp_pins.o)
    0x0000fce4   0x0000fce4   0x00000004   Data   RO         1074    .constdata          libam_bsp.lib(am_bsp_pins.o)
    0x0000fce8   0x0000fce8   0x00000004   Data   RO         1075    .constdata          libam_bsp.lib(am_bsp_pins.o)
    0x0000fcec   0x0000fcec   0x00000004   Data   RO         1076    .constdata          libam_bsp.lib(am_bsp_pins.o)
    0x0000fcf0   0x0000fcf0   0x00000004   Data   RO         1077    .constdata          libam_bsp.lib(am_bsp_pins.o)
    0x0000fcf4   0x0000fcf4   0x00000004   Data   RO         1078    .constdata          libam_bsp.lib(am_bsp_pins.o)
    0x0000fcf8   0x0000fcf8   0x00000004   Data   RO         1079    .constdata          libam_bsp.lib(am_bsp_pins.o)
    0x0000fcfc   0x0000fcfc   0x00000004   Data   RO         1080    .constdata          libam_bsp.lib(am_bsp_pins.o)
    0x0000fd00   0x0000fd00   0x00000004   Data   RO         1081    .constdata          libam_bsp.lib(am_bsp_pins.o)
    0x0000fd04   0x0000fd04   0x00000004   Data   RO         1082    .constdata          libam_bsp.lib(am_bsp_pins.o)
    0x0000fd08   0x0000fd08   0x00000004   Data   RO         1083    .constdata          libam_bsp.lib(am_bsp_pins.o)
    0x0000fd0c   0x0000fd0c   0x00000004   Data   RO         1084    .constdata          libam_bsp.lib(am_bsp_pins.o)
    0x0000fd10   0x0000fd10   0x00000004   Data   RO         1085    .constdata          libam_bsp.lib(am_bsp_pins.o)
    0x0000fd14   0x0000fd14   0x00000004   Data   RO         1086    .constdata          libam_bsp.lib(am_bsp_pins.o)
    0x0000fd18   0x0000fd18   0x00000004   Data   RO         1087    .constdata          libam_bsp.lib(am_bsp_pins.o)
    0x0000fd1c   0x0000fd1c   0x00000004   Data   RO         1088    .constdata          libam_bsp.lib(am_bsp_pins.o)
    0x0000fd20   0x0000fd20   0x00000004   Data   RO         1089    .constdata          libam_bsp.lib(am_bsp_pins.o)
    0x0000fd24   0x0000fd24   0x00000004   Data   RO         1090    .constdata          libam_bsp.lib(am_bsp_pins.o)
    0x0000fd28   0x0000fd28   0x00000004   Data   RO         1113    .constdata          libam_bsp.lib(am_bsp_pins.o)
    0x0000fd2c   0x0000fd2c   0x00000020   Data   RO         1326    Region$$Table       anon$$obj.o
    0x0000fd4c   0x0000fd4c   0x000645fc   Data   RO          319    _IMGData            img_data.o


    Execution Region SRAM (Exec base: 0x10000000, Load base: 0x00074348, Size: 0x000073b0, Max: 0x00060000, ABSOLUTE)

    Exec Addr    Load Addr    Size         Type   Attr      Idx    E Section Name        Object

    0x10000000   0x00074348   0x00000020   Data   RW           19    .data               uart_boot_host.o
    0x10000020   0x00074368   0x00000005   Data   RW          412    .data               am_util_stdio.o
    0x10000025   0x0007436d   0x00000003   PAD
    0x10000028   0x00074370   0x00000004   Data   RW          512    .data               libam_hal.lib(am_hal_global.o)
    0x1000002c   0x00074374   0x00000004   Data   RW          765    .data               libam_hal.lib(am_hal_sysctrl.o)
    0x10000030   0x00074378   0x00000058   Data   RW          799    .data               libam_bsp.lib(am_bsp.o)
    0x10000088   0x000743d0   0x00000004   Data   RW          925    .data               libam_hal.lib(am_hal_reset.o)
    0x1000008c   0x000743d4   0x00000004   PAD
    0x10000090        -       0x00001000   Zero   RW          496    STACK               startup_keil.o
    0x10001090        -       0x000020f8   Zero   RW           17    .bss                uart_boot_host.o
    0x10003188        -       0x00000100   Zero   RW          411    .bss                am_util_stdio.o
    0x10003288        -       0x00000190   Zero   RW          630    .bss                libam_hal.lib(am_hal_gpio.o)
    0x10003418        -       0x000033d8   Zero   RW          691    .bss                libam_hal.lib(am_hal_iom.o)
    0x100067f0        -       0x00000200   Zero   RW          745    .bss                libam_hal.lib(am_hal_security.o)
    0x100069f0        -       0x00000400   Zero   RW          796    .bss                libam_bsp.lib(am_bsp.o)
    0x10006df0        -       0x00000400   Zero   RW          797    .bss                libam_bsp.lib(am_bsp.o)
    0x100071f0        -       0x00000160   Zero   RW          836    .bss                libam_hal.lib(am_hal_cmdq.o)
    0x10007350        -       0x00000060   Zero   RW         1198    .bss                c_w.l(libspace.o)
    0x100073b0        -       0x00000000   Zero   RW          497    HEAP                startup_keil.o


==============================================================================

Image component sizes


      Code (inc. data)   RO Data    RW Data    ZI Data      Debug   Object Name

        68          6          0          0          0       1534   am_util_delay.o
       218          4          0          0          0       2308   am_util_faultisr.o
      2120         38          0          5        256      13637   am_util_stdio.o
         0          0     411132          0          0          0   img_data.o
       336        276          0          0       4096       1472   startup_keil.o
      2320        862          4         32       8440     512142   uart_boot_host.o

    ----------------------------------------------------------------------
      5068       1186     411168         40      12792     531093   Object Totals
         0          0         32          0          0          0   (incl. Generated)
         6          0          0          3          0          0   (incl. Padding)

    ----------------------------------------------------------------------

      Code (inc. data)   RO Data    RW Data    ZI Data      Debug   Library Member Name

         8          0          0          0          0         68   __main.o
         0          0          0          0          0          0   __rtentry.o
        12          0          0          0          0          0   __rtentry2.o
         6          0          0          0          0          0   __rtentry4.o
        52          8          0          0          0          0   __scatter.o
        26          0          0          0          0          0   __scatter_copy.o
        28          0          0          0          0          0   __scatter_zi.o
        18          0          0          0          0         80   exit.o
         6          0          0          0          0        152   heapauxi.o
         0          0          0          0          0          0   indicate_semi.o
         2          0          0          0          0          0   libinit.o
         6          0          0          0          0          0   libinit2.o
         2          0          0          0          0          0   libshutdown.o
         2          0          0          0          0          0   libshutdown2.o
         8          4          0          0         96         68   libspace.o
        38          0          0          0          0         68   llushr.o
        78          0          0          0          0         80   rt_memclr_w.o
       138          0          0          0          0         68   rt_memcpy_v6.o
       100          0          0          0          0         80   rt_memcpy_w.o
         2          0          0          0          0          0   rtexit.o
        10          0          0          0          0          0   rtexit2.o
        12          4          0          0          0         68   sys_exit.o
        74          0          0          0          0         80   sys_stackheap_outer.o
         2          0          0          0          0         68   use_no_semi.o
        98          4          0          0          0        140   d2f.o
       156          4          0          0          0        140   dnaninf.o
        10          0          0          0          0        116   fpinit.o
        10          0          0          0          0        116   fretinf.o
         0          0          0          0          0          0   usenofp.o
       728        194          0         88       2048        480   am_bsp.o
         0          0        148          0          0          0   am_bsp_pins.o
       720         28          0          0          0        128   am_hal_cachectrl.o
       304         34          0          0          0        240   am_hal_clkgen.o
       304         18        320          0        352        256   am_hal_cmdq.o
       256         26         12          0          0        632   am_hal_flash.o
         0          0          0          4          0          0   am_hal_global.o
      1144         86        358          0        400        956   am_hal_gpio.o
        22          0          0          0          0        148   am_hal_interrupt.o
      2996        112          0          0      13272       1000   am_hal_iom.o
       120         28          0          0          0        232   am_hal_itm.o
       312         34        128          0          0        116   am_hal_mcuctrl.o
       632         42        612          0          0        400   am_hal_pwrctrl.o
         0          0          0          4          0          0   am_hal_reset.o
        18          0          0          0          0        116   am_hal_rtc.o
       284         22          0          0        512        136   am_hal_security.o
       108         26          0          4          0        132   am_hal_sysctrl.o
       144         22          0          0          0        140   am_hal_tpiu.o

    ----------------------------------------------------------------------
      9008        696       1580        100      16684       6504   Library Totals
        12          0          2          0          4          0   (incl. Padding)

    ----------------------------------------------------------------------

      Code (inc. data)   RO Data    RW Data    ZI Data      Debug   Library Name

       630         16          0          0         96        880   c_w.l
       274          8          0          0          0        512   fz_wm.l
       728        194        148         88       2048        480   libam_bsp.lib
      7364        478       1430         12      14536       4632   libam_hal.lib

    ----------------------------------------------------------------------
      9008        696       1580        100      16684       6504   Library Totals

    ----------------------------------------------------------------------

==============================================================================


      Code (inc. data)   RO Data    RW Data    ZI Data      Debug   

     14076       1882     412748        140      29476     530633   Grand Totals
     14076       1882     412748        140      29476     530633   ELF Image Totals
     14076       1882     412748        140          0          0   ROM Totals

==============================================================================

    Total RO  Size (Code + RO Data)               426824 ( 416.82kB)
    Total RW  Size (RW Data + ZI Data)             29616 (  28.92kB)
    Total ROM Size (Code + RO Data + RW Data)     426964 ( 416.96kB)

==============================================================================

